[2025-12-13T09:28:03+0000] [PACMAN] Running 'pacman -Syu --root /d/a/msys2-installer/msys2-installer/_build/newmsys/msys64'
[2025-12-13T09:28:03+0000] [PACMAN] synchronizing package lists
[2025-12-13T09:28:05+0000] [PACMAN] starting full system upgrade
[2025-12-13T09:28:05+0000] [PACMAN] Running 'pacman -S --noconfirm --root /d/a/msys2-installer/msys2-installer/_build/newmsys/msys64 filesystem msys2-runtime'
[2025-12-13T09:28:07+0000] [ALPM] transaction started
[2025-12-13T09:28:08+0000] [ALPM] installed filesystem (2025.05.08-2)
[2025-12-13T09:28:08+0000] [ALPM] installed msys2-runtime (3.6.5-1)
[2025-12-13T09:28:08+0000] [ALPM] transaction completed
[2025-12-13T09:28:08+0000] [PACMAN] Running 'pacman -S --noconfirm --root /d/a/msys2-installer/msys2-installer/_build/newmsys/msys64 base'
[2025-12-13T09:28:30+0000] [ALPM] transaction started
[2025-12-13T09:28:30+0000] [ALPM] installed bash (5.3.009-1)
[2025-12-13T09:28:31+0000] [ALPM] installed bash-completion (2.17.0-2)
[2025-12-13T09:28:31+0000] [ALPM] installed gcc-libs (15.2.0-1)
[2025-12-13T09:28:31+0000] [ALPM] installed libbz2 (1.0.8-4)
[2025-12-13T09:28:31+0000] [ALPM] installed libintl (0.22.5-1)
[2025-12-13T09:28:31+0000] [ALPM] installed libiconv (1.18-1)
[2025-12-13T09:28:31+0000] [ALPM] installed libexpat (2.7.3-1)
[2025-12-13T09:28:31+0000] [ALPM] installed liblzma (5.8.1-1)
[2025-12-13T09:28:31+0000] [ALPM] installed liblz4 (1.10.0-1)
[2025-12-13T09:28:31+0000] [ALPM] installed libopenssl (3.6.0-1)
[2025-12-13T09:28:31+0000] [ALPM] installed libzstd (1.5.7-1)
[2025-12-13T09:28:31+0000] [ALPM] installed zlib (1.3.1-1)
[2025-12-13T09:28:31+0000] [ALPM] installed bsdtar (3.8.4-1)
[2025-12-13T09:28:31+0000] [ALPM] installed bzip2 (1.0.8-4)
[2025-12-13T09:28:31+0000] [ALPM] installed gmp (6.3.0-2)
[2025-12-13T09:28:32+0000] [ALPM] installed coreutils (8.32-5)
[2025-12-13T09:28:32+0000] [ALPM] installed openssl (3.6.0-1)
[2025-12-13T09:28:32+0000] [ALPM] installed findutils (4.10.0-2)
[2025-12-13T09:28:32+0000] [ALPM] installed sed (4.9-1)
[2025-12-13T09:28:32+0000] [ALPM] installed libffi (3.5.2-1)
[2025-12-13T09:28:40+0000] [ALPM] installed ncurses (6.5.20240831-2)
[2025-12-13T09:28:40+0000] [ALPM] installed libpcre2_8 (10.47-1)
[2025-12-13T09:28:40+0000] [ALPM] installed less (685-1)
[2025-12-13T09:28:40+0000] [ALPM] installed gzip (1.14-1)
[2025-12-13T09:28:40+0000] [ALPM] installed libxcrypt (4.5.2-1)
[2025-12-13T09:28:40+0000] [ALPM] installed info (7.2-2)
[2025-12-13T09:28:40+0000] [ALPM] installed libtasn1 (4.20.0-1)
[2025-12-13T09:28:40+0000] [ALPM] installed libp11-kit (0.25.10-1)
[2025-12-13T09:28:40+0000] [ALPM] installed p11-kit (0.25.10-1)
[2025-12-13T09:28:40+0000] [ALPM] installed ca-certificates (20250419-1)
[2025-12-13T09:28:41+0000] [ALPM] installed brotli (1.2.0-1)
[2025-12-13T09:28:41+0000] [ALPM] installed libunistring (1.3-1)
[2025-12-13T09:28:41+0000] [ALPM] installed libidn2 (2.3.8-1)
[2025-12-13T09:28:41+0000] [ALPM] installed libnghttp3 (1.13.1-1)
[2025-12-13T09:28:41+0000] [ALPM] installed libngtcp2 (1.18.0-1)
[2025-12-13T09:28:41+0000] [ALPM] installed libnghttp2 (1.68.0-1)
[2025-12-13T09:28:41+0000] [ALPM] installed libpsl (0.21.5-2)
[2025-12-13T09:28:41+0000] [ALPM] installed libssh2 (1.11.1-1)
[2025-12-13T09:28:41+0000] [ALPM] installed libcurl (8.17.0-1)
[2025-12-13T09:28:41+0000] [ALPM] installed curl (8.17.0-1)
[2025-12-13T09:28:41+0000] [ALPM] installed libpcre (8.45-5)
[2025-12-13T09:28:42+0000] [ALPM] installed grep (1~3.0-7)
[2025-12-13T09:28:42+0000] [ALPM] installed dash (0.5.12-1)
[2025-12-13T09:28:42+0000] [ALPM] installed file (5.46-2)
[2025-12-13T09:28:42+0000] [ALPM] installed mpfr (4.2.2-1)
[2025-12-13T09:28:42+0000] [ALPM] installed libreadline (8.3.003-1)
[2025-12-13T09:28:42+0000] [ALPM] installed gawk (5.3.2-1)
[2025-12-13T09:28:42+0000] [ALPM] installed libargp (20241207-1)
[2025-12-13T09:28:42+0000] [ALPM] installed getent (2.18.90-5)
[2025-12-13T09:28:42+0000] [ALPM] installed inetutils (2.6-1)
[2025-12-13T09:28:42+0000] [ALPM] installed mintty (1~3.8.1-1)
[2025-12-13T09:28:42+0000] [ALPM] installed msys2-keyring (1~20251012-1)
[2025-12-13T09:28:42+0000] [ALPM] installed msys2-launcher (1.5-3)
[2025-12-13T09:28:42+0000] [ALPM] installed nano (8.7-1)
[2025-12-13T09:28:42+0000] [ALPM] installed libgettextpo (0.22.5-1)
[2025-12-13T09:28:42+0000] [ALPM] installed libasprintf (0.22.5-1)
[2025-12-13T09:28:42+0000] [ALPM] installed gettext (0.22.5-1)
[2025-12-13T09:28:43+0000] [ALPM] installed libgpg-error (1.57-1)
[2025-12-13T09:28:43+0000] [ALPM] installed libassuan (3.0.2-1)
[2025-12-13T09:28:43+0000] [ALPM] installed libgcrypt (1.11.2-1)
[2025-12-13T09:28:43+0000] [ALPM] installed libhogweed (3.10.2-1)
[2025-12-13T09:28:43+0000] [ALPM] installed libnettle (3.10.2-1)
[2025-12-13T09:28:43+0000] [ALPM] installed libgnutls (3.8.11-1)
[2025-12-13T09:28:43+0000] [ALPM] installed libksba (1.6.7-1)
[2025-12-13T09:28:43+0000] [ALPM] installed libnpth (1.8-1)
[2025-12-13T09:28:43+0000] [ALPM] installed libsqlite (3.51.1-1)
[2025-12-13T09:28:43+0000] [ALPM] installed nettle (3.10.2-1)
[2025-12-13T09:28:43+0000] [ALPM] installed pinentry (1.3.2-1)
[2025-12-13T09:28:43+0000] [ALPM] installed gnupg (2.4.8-1)
[2025-12-13T09:28:43+0000] [ALPM] installed pacman-mirrors (20250607-1)
[2025-12-13T09:28:43+0000] [ALPM] installed which (2.23-4)
[2025-12-13T09:28:43+0000] [ALPM] installed xz (5.8.1-1)
[2025-12-13T09:28:43+0000] [ALPM] installed zstd (1.5.7-1)
[2025-12-13T09:28:44+0000] [ALPM] installed pacman (6.1.0-20)
[2025-12-13T09:28:44+0000] [ALPM] installed libdb (6.2.32-5)
[2025-12-13T09:28:44+0000] [ALPM] installed db (6.2.32-5)
[2025-12-13T09:28:44+0000] [ALPM] installed libgdbm (1.26-1)
[2025-12-13T09:28:44+0000] [ALPM] installed gdbm (1.26-1)
[2025-12-13T09:28:47+0000] [ALPM] installed perl (5.40.3-1)
[2025-12-13T09:28:47+0000] [ALPM] installed pacman-contrib (1.10.6-1)
[2025-12-13T09:28:47+0000] [ALPM] installed rebase (4.5.0-5)
[2025-12-13T09:28:47+0000] [ALPM] installed tar (1.35-3)
[2025-12-13T09:28:47+0000] [ALPM] installed time (1.9-3)
[2025-12-13T09:28:49+0000] [ALPM] installed tzcode (2025b-1)
[2025-12-13T09:28:49+0000] [ALPM] installed libutil-linux (2.40.2-2)
[2025-12-13T09:28:50+0000] [ALPM] installed util-linux (2.40.2-2)
[2025-12-13T09:28:50+0000] [ALPM] installed wget (1.25.0-1)
[2025-12-13T09:28:50+0000] [ALPM] installed base (2022.06-1)
[2025-12-13T09:28:50+0000] [ALPM] transaction completed
[2025-12-13T09:28:50+0000] [ALPM] running 'texinfo-install.hook'...
[2026-01-15T15:34:32-0800] [PACMAN] Running 'pacman -Syu'
[2026-01-15T15:34:32-0800] [PACMAN] synchronizing package lists
[2026-01-15T15:34:36-0800] [PACMAN] starting core system upgrade
[2026-01-15T15:34:47-0800] [ALPM] transaction started
[2026-01-15T15:35:00-0800] [ALPM] upgraded msys2-runtime (3.6.5-1 -> 3.6.5-2)
[2026-01-15T15:35:01-0800] [ALPM] upgraded pacman-mirrors (20250607-1 -> 20260102-1)
[2026-01-15T15:35:55-0800] [ALPM] upgraded pacman (6.1.0-20 -> 6.1.0-21)
[2026-01-15T15:35:55-0800] [ALPM] transaction completed
[2026-01-15T15:36:20-0800] [PACMAN] Running 'pacman -S --needed mingw-w64-x86_64-toolchain mingw-w64-x86_64-cmake mingw-w64-x86_64-libvterm mingw-w64-x86_64-libtool mingw-w64-x86_64-make'
[2026-01-15T15:38:31-0800] [ALPM] transaction started
[2026-01-15T15:38:31-0800] [ALPM] installed mingw-w64-x86_64-libwinpthread (13.0.0.r411.gea5ddeff2-1)
[2026-01-15T15:39:06-0800] [ALPM] installed mingw-w64-x86_64-tzdata (2025c-1)
[2026-01-15T15:39:07-0800] [ALPM] installed mingw-w64-x86_64-gcc-libs (15.2.0-9)
[2026-01-15T15:39:15-0800] [ALPM] installed mingw-w64-x86_64-libiconv (1.18-1)
[2026-01-15T15:39:21-0800] [ALPM] installed mingw-w64-x86_64-gettext-runtime (0.26-2)
[2026-01-15T15:39:22-0800] [ALPM] installed mingw-w64-x86_64-zlib (1.3.1-1)
[2026-01-15T15:39:27-0800] [ALPM] installed mingw-w64-x86_64-zstd (1.5.7-1)
[2026-01-15T15:39:50-0800] [ALPM] installed mingw-w64-x86_64-binutils (2.45.1-1)
[2026-01-15T15:42:36-0800] [ALPM] installed mingw-w64-x86_64-headers (13.0.0.r411.gea5ddeff2-1)
[2026-01-15T15:43:35-0800] [ALPM] installed mingw-w64-x86_64-crt (13.0.0.r411.gea5ddeff2-1)
[2026-01-15T15:43:37-0800] [ALPM] installed mingw-w64-x86_64-gmp (6.3.0-2)
[2026-01-15T15:43:38-0800] [ALPM] installed mingw-w64-x86_64-isl (0.27-1)
[2026-01-15T15:43:39-0800] [ALPM] installed mingw-w64-x86_64-mpfr (4.2.2-1)
[2026-01-15T15:43:39-0800] [ALPM] installed mingw-w64-x86_64-mpc (1.3.1-2)
[2026-01-15T15:43:39-0800] [ALPM] installed mingw-w64-x86_64-windows-default-manifest (6.4-4)
[2026-01-15T15:43:40-0800] [ALPM] installed mingw-w64-x86_64-winpthreads (13.0.0.r411.gea5ddeff2-1)
[2026-01-15T15:45:37-0800] [ALPM] installed mingw-w64-x86_64-gcc (15.2.0-9)
[2026-01-15T15:45:38-0800] [ALPM] installed mingw-w64-x86_64-expat (2.7.3-1)
[2026-01-15T15:45:38-0800] [ALPM] installed mingw-w64-x86_64-libtre (0.9.0-2)
[2026-01-15T15:45:38-0800] [ALPM] installed mingw-w64-x86_64-libsystre (1.0.2-2)
[2026-01-15T15:48:29-0800] [ALPM] installed mingw-w64-x86_64-ncurses (6.6-1)
[2026-01-15T15:48:30-0800] [ALPM] installed mingw-w64-x86_64-bzip2 (1.0.8-3)
[2026-01-15T15:48:30-0800] [ALPM] installed mingw-w64-x86_64-libffi (3.5.2-1)
[2026-01-15T15:48:31-0800] [ALPM] installed mingw-w64-x86_64-mpdecimal (4.0.1-1)
[2026-01-15T15:53:53-0800] [ALPM] installed mingw-w64-x86_64-openssl (3.6.0-1)
[2026-01-15T15:53:54-0800] [ALPM] installed mingw-w64-x86_64-termcap (1.3.1-7)
[2026-01-15T15:53:55-0800] [ALPM] installed mingw-w64-x86_64-readline (8.3.003-1)
[2026-01-15T15:54:10-0800] [ALPM] installed mingw-w64-x86_64-sqlite3 (3.51.2-1)
[2026-01-15T15:55:32-0800] [ALPM] installed mingw-w64-x86_64-tcl (8.6.17-1)
[2026-01-15T15:55:57-0800] [ALPM] installed mingw-w64-x86_64-tk (8.6.17-2)
[2026-01-15T15:55:57-0800] [ALPM] installed mingw-w64-x86_64-libb2 (0.98.1-3)
[2026-01-15T15:56:06-0800] [ALPM] installed mingw-w64-x86_64-xz (5.8.2-1)
[2026-01-15T16:01:26-0800] [ALPM] installed mingw-w64-x86_64-python (3.13.11-4)
[2026-01-15T16:01:27-0800] [ALPM] installed mingw-w64-x86_64-xxhash (0.8.3-1)
[2026-01-15T16:01:30-0800] [ALPM] installed mingw-w64-x86_64-gdb (17.1-2)
[2026-01-15T16:01:35-0800] [ALPM] installed mingw-w64-x86_64-gdb-multiarch (17.1-2)
[2026-01-15T16:01:35-0800] [ALPM] installed mingw-w64-x86_64-libmangle (13.0.0.r411.gea5ddeff2-1)
[2026-01-15T16:01:36-0800] [ALPM] installed mingw-w64-x86_64-make (4.4.1-4)
[2026-01-15T16:01:38-0800] [ALPM] installed mingw-w64-x86_64-pkgconf (1~2.5.1-1)
[2026-01-15T16:01:38-0800] [ALPM] installed mingw-w64-x86_64-tools (13.0.0.r411.gea5ddeff2-1)
[2026-01-15T16:01:38-0800] [ALPM] installed mingw-w64-x86_64-winstorecompat (13.0.0.r411.gea5ddeff2-1)
[2026-01-15T16:01:39-0800] [ALPM] installed mingw-w64-x86_64-cppdap (1.65-1)
[2026-01-15T16:01:46-0800] [ALPM] installed mingw-w64-x86_64-c-ares (1.34.6-1)
[2026-01-15T16:01:47-0800] [ALPM] installed mingw-w64-x86_64-brotli (1.2.0-1)
[2026-01-15T16:01:49-0800] [ALPM] installed mingw-w64-x86_64-libunistring (1.3-1)
[2026-01-15T16:01:50-0800] [ALPM] installed mingw-w64-x86_64-libidn2 (2.3.8-4)
[2026-01-15T16:01:50-0800] [ALPM] installed mingw-w64-x86_64-libpsl (0.21.5-3)
[2026-01-15T16:01:53-0800] [ALPM] installed mingw-w64-x86_64-libtasn1 (4.21.0-1)
[2026-01-15T16:01:54-0800] [ALPM] installed mingw-w64-x86_64-p11-kit (0.25.10-1)
[2026-01-15T16:01:54-0800] [ALPM] installed mingw-w64-x86_64-ca-certificates (20250419-1)
[2026-01-15T16:02:22-0800] [ALPM] installed mingw-w64-x86_64-libssh2 (1.11.1-1)
[2026-01-15T16:02:23-0800] [ALPM] installed mingw-w64-x86_64-nghttp2 (1.68.0-1)
[2026-01-15T16:02:25-0800] [ALPM] installed mingw-w64-x86_64-nettle (3.10.2-1)
[2026-01-15T16:04:00-0800] [ALPM] installed mingw-w64-x86_64-gnutls (3.8.11-1)
[2026-01-15T16:04:02-0800] [ALPM] installed mingw-w64-x86_64-ngtcp2 (1.19.0-1)
[2026-01-15T16:04:02-0800] [ALPM] installed mingw-w64-x86_64-nghttp3 (1.14.0-1)
[2026-01-15T16:05:09-0800] [ALPM] installed mingw-w64-x86_64-curl (8.18.0-1)
[2026-01-15T16:05:09-0800] [ALPM] installed mingw-w64-x86_64-jsoncpp (1.9.6-3)
[2026-01-15T16:05:10-0800] [ALPM] installed mingw-w64-x86_64-lz4 (1.10.0-1)
[2026-01-15T16:05:13-0800] [ALPM] installed mingw-w64-x86_64-libarchive (3.8.5-1)
[2026-01-15T16:05:18-0800] [ALPM] installed mingw-w64-x86_64-libuv (1.51.0-1)
[2026-01-15T16:05:19-0800] [ALPM] installed mingw-w64-x86_64-ninja (1.13.2-1)
[2026-01-15T16:05:20-0800] [ALPM] installed mingw-w64-x86_64-rhash (1.4.6-1)
[2026-01-15T16:08:19-0800] [ALPM] installed mingw-w64-x86_64-cmake (4.2.1-1)
[2026-01-15T16:08:19-0800] [ALPM] installed mingw-w64-x86_64-libvterm (0.3.3-1)
[2026-01-15T16:08:20-0800] [ALPM] installed mingw-w64-x86_64-libltdl (2.5.4-3)
[2026-01-15T16:08:28-0800] [ALPM] installed mingw-w64-x86_64-libtool (2.5.4-3)
[2026-01-15T16:08:28-0800] [ALPM] transaction completed
[2026-01-15T16:59:46-0800] [PACMAN] Running 'pacman -Syu'
[2026-01-15T16:59:47-0800] [PACMAN] synchronizing package lists
[2026-01-15T16:59:50-0800] [PACMAN] starting core system upgrade
[2026-01-15T16:59:51-0800] [PACMAN] starting full system upgrade
[2026-01-15T17:00:00-0800] [ALPM] transaction started
[2026-01-15T17:00:00-0800] [ALPM] upgraded liblzma (5.8.1-1 -> 5.8.2-1)
[2026-01-15T17:00:00-0800] [ALPM] upgraded bsdtar (3.8.4-1 -> 3.8.5-1)
[2026-01-15T17:00:05-0800] [ALPM] upgraded libnghttp3 (1.13.1-1 -> 1.14.0-1)
[2026-01-15T17:00:06-0800] [ALPM] upgraded libngtcp2 (1.18.0-1 -> 1.19.0-1)
[2026-01-15T17:05:59-0800] [ALPM] upgraded ncurses (6.5.20240831-2 -> 6.6-1)
[2026-01-15T17:06:00-0800] [ALPM] upgraded libtasn1 (4.20.0-1 -> 4.21.0-1)
[2026-01-15T17:06:01-0800] [ALPM] upgraded libcurl (8.17.0-1 -> 8.18.0-1)
[2026-01-15T17:06:34-0800] [ALPM] upgraded curl (8.17.0-1 -> 8.18.0-1)
[2026-01-15T17:06:34-0800] [ALPM] upgraded dash (0.5.12-1 -> 0.5.13.1-1)
[2026-01-15T17:06:35-0800] [ALPM] upgraded libgpg-error (1.57-1 -> 1.58-1)
[2026-01-15T17:06:51-0800] [ALPM] upgraded gnupg (2.4.8-1 -> 2.4.9-1)
[2026-01-15T17:06:56-0800] [ALPM-SCRIPTLET] ==> Appending keys from msys2.gpg...
[2026-01-15T17:06:56-0800] [ALPM-SCRIPTLET] ==> Updating trust database...
[2026-01-15T17:06:56-0800] [ALPM-SCRIPTLET] gpg: next trustdb check due at 2026-04-10
[2026-01-15T17:06:57-0800] [ALPM] upgraded inetutils (2.6-1 -> 2.7-1)
[2026-01-15T17:08:09-0800] [ALPM] upgraded tzcode (2025b-1 -> 2025c-1)
[2026-01-15T17:09:06-0800] [ALPM] upgraded xz (5.8.1-1 -> 5.8.2-1)
[2026-01-15T17:09:06-0800] [ALPM] transaction completed
[2026-01-15T17:09:06-0800] [ALPM] running 'texinfo-install.hook'...
[2026-01-15T17:09:07-0800] [PACMAN] Running 'pacman -S --needed base-devel mingw-w64-x86_64-toolchain mingw-w64-x86_64-cmake'
[2026-01-15T17:16:47-0800] [ALPM] transaction started
[2026-01-15T17:17:11-0800] [ALPM] installed binutils (2.45.1-1)
[2026-01-15T17:17:11-0800] [ALPM] installed m4 (1.4.19-2)
[2026-01-15T17:17:45-0800] [ALPM] installed bison (3.8.2-5)
[2026-01-15T17:17:46-0800] [ALPM] installed diffstat (1.68-1)
[2026-01-15T17:17:47-0800] [ALPM] installed diffutils (3.12-1)
[2026-01-15T17:17:52-0800] [ALPM] installed dos2unix (7.5.3-1)
[2026-01-15T17:17:52-0800] [ALPM] installed flex (2.6.4-4)
[2026-01-15T17:18:43-0800] [ALPM] installed texinfo (7.2-2)
[2026-01-15T17:18:43-0800] [ALPM] installed texinfo-tex (7.2-2)
[2026-01-15T17:18:44-0800] [ALPM] installed make (4.4.1-2)
[2026-01-15T17:18:44-0800] [ALPM] installed patch (2.7.6-3)
[2026-01-15T17:18:44-0800] [ALPM] installed base-devel (2024.11-1)
[2026-01-15T17:18:44-0800] [ALPM] transaction completed
[2026-01-15T17:18:44-0800] [ALPM] running 'texinfo-install.hook'...
