2025-11-19 21:10:32,396-0800 INFO  latex - this process (7900) started by cmdproxy in directory d:\Emacs with command line: latex -interaction nonstopmode -output-directory c:/Users/mod/AppData/Local/Temp/ c:/Users/mod/AppData/Local/Temp/orgtexGadRjl.tex
2025-11-19 21:10:32,396-0800 INFO  latex - running on Windows 10.0.26200
2025-11-19 21:10:32,398-0800 INFO  latex - this is MiKTeX-PDFTEX 4.21.0 (1.40.27) (MiKTeX 25.4 Portable)
2025-11-19 21:10:32,425-0800 INFO  latex - allowing known shell commands
2025-11-19 21:10:32,432-0800 INFO  latex - setting output directory: c:/Users\mod\AppData\Local\Temp
2025-11-19 21:10:32,432-0800 INFO  latex - setting aux directory: c:/Users\mod\AppData\Local\Temp
2025-11-19 21:10:32,439-0800 INFO  latex - going to create file: latex.fmt
2025-11-19 21:10:32,439-0800 INFO  latex.core - start process: miktex --enable-installer formats build latex --engine pdftex
2025-11-19 21:10:45,719-0800 INFO  latex - installing package ulem triggered by tex/latex/ulem\ulem.sty
2025-11-19 21:10:45,721-0800 INFO  latex.packagemanager - going to download https://api2.miktex.org/hello
2025-11-19 21:10:46,400-0800 INFO  latex.packagemanager - going to download https://api2.miktex.org/repositories?&releaseState=Stable&orderBy=ranking&take=1&onlySecure=true
2025-11-19 21:10:46,573-0800 INFO  latex - mpm: starting package maintenance...
2025-11-19 21:10:46,573-0800 INFO  latex - mpm: installation directory: D:\miktex-portable\texmfs\install
2025-11-19 21:10:46,573-0800 INFO  latex - mpm: package repository: https://mirrors.aliyun.com/CTAN/systems/win32/miktex/tm/packages/
2025-11-19 21:10:47,667-0800 WARN  latex.packagemanager - dependency problem: showframe is required by _miktex-latex-packages
2025-11-19 21:10:47,667-0800 WARN  latex.packagemanager - dependency problem: sttools is required by _miktex-latex-packages
2025-11-19 21:10:47,667-0800 WARN  latex.packagemanager - dependency problem: thailatex is required by _miktex-latex-packages
2025-11-19 21:10:47,669-0800 WARN  latex.packagemanager - dependency problem: luxi is required by _miktex-fonts-type1
2025-11-19 21:10:48,107-0800 INFO  latex - mpm: package repository digest: b04fe83e5f7d292e8877a62181fe186f
2025-11-19 21:10:48,107-0800 INFO  latex - mpm: going to download 173224 bytes
2025-11-19 21:10:48,107-0800 INFO  latex - mpm: going to install 5 file(s) (1 package(s))
2025-11-19 21:10:48,863-0800 INFO  latex.packagemanager - installing package ulem
2025-11-19 21:10:48,864-0800 INFO  latex - mpm: downloading https://mirrors.aliyun.com/CTAN/systems/win32/miktex/tm/packages/ulem.tar.lzma...
2025-11-19 21:10:48,866-0800 INFO  latex.packagemanager - going to download https://mirrors.aliyun.com/CTAN/systems/win32/miktex/tm/packages/ulem.tar.lzma
2025-11-19 21:10:49,648-0800 INFO  latex - mpm: 0.17 MB, 1.77 Mbit/s
2025-11-19 21:10:49,658-0800 INFO  latex - mpm: extracting files from ulem.tar.lzma...
2025-11-19 21:11:11,980-0800 INFO  latex.core - start process: miktex fontmaps configure
2025-11-19 21:11:14,448-0800 INFO  latex - this process (7900) finishes with exit code 0
2025-11-19 21:11:45,775-0800 INFO  latex - this process (14676) started by cmdproxy in directory d:\Emacs with command line: latex -interaction nonstopmode -output-directory c:/Users/mod/AppData/Local/Temp/ c:/Users/mod/AppData/Local/Temp/orgtexy6TshB.tex
2025-11-19 21:11:45,777-0800 INFO  latex - running on Windows 10.0.26200
2025-11-19 21:11:45,778-0800 INFO  latex - this is MiKTeX-PDFTEX 4.21.0 (1.40.27) (MiKTeX 25.4 Portable)
2025-11-19 21:11:45,780-0800 INFO  latex - allowing known shell commands
2025-11-19 21:11:45,786-0800 INFO  latex - setting output directory: c:/Users\mod\AppData\Local\Temp
2025-11-19 21:11:45,787-0800 INFO  latex - setting aux directory: c:/Users\mod\AppData\Local\Temp
2025-11-19 21:11:45,940-0800 INFO  latex - this process (14676) finishes with exit code 0
2025-11-19 21:12:06,400-0800 INFO  latex - this process (17636) started by cmdproxy in directory d:\Emacs with command line: latex -interaction nonstopmode -output-directory c:/Users/mod/AppData/Local/Temp/ c:/Users/mod/AppData/Local/Temp/orgtexpj0tDw.tex
2025-11-19 21:12:06,402-0800 INFO  latex - running on Windows 10.0.26200
2025-11-19 21:12:06,404-0800 INFO  latex - this is MiKTeX-PDFTEX 4.21.0 (1.40.27) (MiKTeX 25.4 Portable)
2025-11-19 21:12:06,405-0800 INFO  latex - allowing known shell commands
2025-11-19 21:12:06,412-0800 INFO  latex - setting output directory: c:/Users\mod\AppData\Local\Temp
2025-11-19 21:12:06,412-0800 INFO  latex - setting aux directory: c:/Users\mod\AppData\Local\Temp
2025-11-19 21:12:06,556-0800 INFO  latex - this process (17636) finishes with exit code 0
2025-11-19 21:14:09,571-0800 INFO  latex - this process (20248) started by cmdproxy in directory d:\Emacs with command line: latex -interaction nonstopmode -output-directory c:/Users/mod/AppData/Local/Temp/ c:/Users/mod/AppData/Local/Temp/orgtexIOkwyp.tex
2025-11-19 21:14:09,573-0800 INFO  latex - running on Windows 10.0.26200
2025-11-19 21:14:09,575-0800 INFO  latex - this is MiKTeX-PDFTEX 4.21.0 (1.40.27) (MiKTeX 25.4 Portable)
2025-11-19 21:14:09,576-0800 INFO  latex - allowing known shell commands
2025-11-19 21:14:09,582-0800 INFO  latex - setting output directory: c:/Users\mod\AppData\Local\Temp
2025-11-19 21:14:09,583-0800 INFO  latex - setting aux directory: c:/Users\mod\AppData\Local\Temp
2025-11-19 21:14:09,724-0800 INFO  latex - this process (20248) finishes with exit code 0
2025-11-19 21:14:29,231-0800 INFO  latex - this process (16704) started by cmdproxy in directory d:\Emacs with command line: latex -interaction nonstopmode -output-directory c:/Users/mod/AppData/Local/Temp/ c:/Users/mod/AppData/Local/Temp/orgtexa2dJ8Y.tex
2025-11-19 21:14:29,234-0800 INFO  latex - running on Windows 10.0.26200
2025-11-19 21:14:29,235-0800 INFO  latex - this is MiKTeX-PDFTEX 4.21.0 (1.40.27) (MiKTeX 25.4 Portable)
2025-11-19 21:14:29,236-0800 INFO  latex - allowing known shell commands
2025-11-19 21:14:29,243-0800 INFO  latex - setting output directory: c:/Users\mod\AppData\Local\Temp
2025-11-19 21:14:29,243-0800 INFO  latex - setting aux directory: c:/Users\mod\AppData\Local\Temp
2025-11-19 21:14:29,383-0800 INFO  latex - this process (16704) finishes with exit code 0
2025-11-19 22:08:15,043-0800 INFO  latex - this process (11208) started by cmdproxy in directory d:\Emacs with command line: D:/miktex-portable/texmfs/install/miktex/bin/x64/latex.exe --version
2025-11-19 22:08:15,046-0800 INFO  latex - running on Windows 10.0.26200
2025-11-19 22:08:15,047-0800 INFO  latex - this is MiKTeX-PDFTEX 4.21.0 (1.40.27) (MiKTeX 25.4 Portable)
2025-11-19 22:08:15,048-0800 INFO  latex - allowing known shell commands
2025-11-19 22:08:15,062-0800 INFO  latex - this process (11208) finishes with exit code 0
2025-11-19 22:10:48,424-0800 INFO  latex - this process (15496) started by cmd in directory d:\Emacs with command line: D:\miktex-portable\texmfs\install\miktex\bin\x64\latex.exe -interaction nonstopmode -output-directory D:\Emacs\.emacs.d\tmp\latex D:\Emacs\.emacs.d\tmp\latex\test.tex
2025-11-19 22:10:48,426-0800 INFO  latex - running on Windows 10.0.26200
2025-11-19 22:10:48,428-0800 INFO  latex - this is MiKTeX-PDFTEX 4.21.0 (1.40.27) (MiKTeX 25.4 Portable)
2025-11-19 22:10:48,429-0800 INFO  latex - allowing known shell commands
2025-11-19 22:10:48,436-0800 INFO  latex - setting output directory: D:\Emacs\.emacs.d\tmp\latex
2025-11-19 22:10:48,436-0800 INFO  latex - setting aux directory: D:\Emacs\.emacs.d\tmp\latex
2025-11-19 22:10:48,561-0800 INFO  latex - this process (15496) finishes with exit code 0
2025-11-19 22:24:32,421-0800 INFO  latex - this process (9248) started by cmdproxy in directory d:\Emacs with command line: d:/miktex-portable/texmfs/install/miktex/bin/x64/latex.exe -interaction nonstopmode -output-directory .emacs.d/tmp/latex/ .emacs.d/tmp/latex/orgtex7hRckj.tex
2025-11-19 22:24:32,421-0800 INFO  latex - running on Windows 10.0.26200
2025-11-19 22:24:32,422-0800 INFO  latex - this is MiKTeX-PDFTEX 4.21.0 (1.40.27) (MiKTeX 25.4 Portable)
2025-11-19 22:24:32,424-0800 INFO  latex - allowing known shell commands
2025-11-19 22:24:32,430-0800 INFO  latex - setting output directory: d:\Emacs\.emacs.d\tmp\latex
2025-11-19 22:24:32,431-0800 INFO  latex - setting aux directory: d:\Emacs\.emacs.d\tmp\latex
2025-11-19 22:24:32,601-0800 INFO  latex - this process (9248) finishes with exit code 0
2025-11-23 22:46:19,747-0800 INFO  latex - this process (4496) started by cmdproxy in directory d:\Emacs with command line: d:/miktex-portable/texmfs/install/miktex/bin/x64/latex.exe -interaction nonstopmode -output-directory .emacs.d/tmp/latex/ .emacs.d/tmp/latex/orgtexlyEOX0.tex
2025-11-23 22:46:19,750-0800 INFO  latex - running on Windows 10.0.26200
2025-11-23 22:46:19,753-0800 INFO  latex - this is MiKTeX-PDFTEX 4.21.0 (1.40.27) (MiKTeX 25.4 Portable)
2025-11-23 22:46:19,781-0800 INFO  latex - allowing known shell commands
2025-11-23 22:46:19,791-0800 INFO  latex - setting output directory: d:\Emacs\.emacs.d\tmp\latex
2025-11-23 22:46:19,792-0800 INFO  latex - setting aux directory: d:\Emacs\.emacs.d\tmp\latex
2025-11-23 22:46:20,378-0800 INFO  latex - this process (4496) finishes with exit code 0
2025-11-23 22:47:20,191-0800 INFO  latex - this process (21860) started by cmdproxy in directory d:\Emacs with command line: d:/miktex-portable/texmfs/install/miktex/bin/x64/latex.exe -interaction nonstopmode -output-directory .emacs.d/tmp/latex/ .emacs.d/tmp/latex/orgtexmMqUdp.tex
2025-11-23 22:47:20,191-0800 INFO  latex - running on Windows 10.0.26200
2025-11-23 22:47:20,192-0800 INFO  latex - this is MiKTeX-PDFTEX 4.21.0 (1.40.27) (MiKTeX 25.4 Portable)
2025-11-23 22:47:20,193-0800 INFO  latex - allowing known shell commands
2025-11-23 22:47:20,200-0800 INFO  latex - setting output directory: d:\Emacs\.emacs.d\tmp\latex
2025-11-23 22:47:20,200-0800 INFO  latex - setting aux directory: d:\Emacs\.emacs.d\tmp\latex
2025-11-23 22:47:20,363-0800 INFO  latex - this process (21860) finishes with exit code 0
2025-11-29 21:52:07,168-0800 INFO  latex - this process (7636) started by cmdproxy in directory c:\Users\mod with command line: d:/miktex-portable/texmfs/install/miktex/bin/x64/latex.exe -interaction nonstopmode -output-directory d:/Emacs/.emacs.d/tmp/latex/ d:/Emacs/.emacs.d/tmp/latex/orgtexkTnO1G.tex
2025-11-29 21:52:07,169-0800 INFO  latex - running on Windows 10.0.26200
2025-11-29 21:52:07,170-0800 INFO  latex - this is MiKTeX-PDFTEX 4.21.0 (1.40.27) (MiKTeX 25.4 Portable)
2025-11-29 21:52:07,171-0800 INFO  latex - allowing known shell commands
2025-11-29 21:52:07,178-0800 INFO  latex - setting output directory: d:/Emacs\.emacs.d\tmp\latex
2025-11-29 21:52:07,178-0800 INFO  latex - setting aux directory: d:/Emacs\.emacs.d\tmp\latex
2025-11-29 21:52:07,450-0800 INFO  latex - this process (7636) finishes with exit code 0
2025-11-29 21:55:04,002-0800 INFO  latex - this process (6588) started by cmdproxy in directory c:\Users\mod with command line: d:/miktex-portable/texmfs/install/miktex/bin/x64/latex.exe -interaction nonstopmode -output-directory d:/Emacs/.emacs.d/tmp/latex/ d:/Emacs/.emacs.d/tmp/latex/orgtexsXQDYs.tex
2025-11-29 21:55:04,003-0800 INFO  latex - running on Windows 10.0.26200
2025-11-29 21:55:04,004-0800 INFO  latex - this is MiKTeX-PDFTEX 4.21.0 (1.40.27) (MiKTeX 25.4 Portable)
2025-11-29 21:55:04,005-0800 INFO  latex - allowing known shell commands
2025-11-29 21:55:04,012-0800 INFO  latex - setting output directory: d:/Emacs\.emacs.d\tmp\latex
2025-11-29 21:55:04,012-0800 INFO  latex - setting aux directory: d:/Emacs\.emacs.d\tmp\latex
2025-11-29 21:55:04,181-0800 INFO  latex - this process (6588) finishes with exit code 0
2025-11-29 22:01:29,307-0800 INFO  latex - this process (6588) started by cmdproxy in directory c:\Users\mod with command line: d:/miktex-portable/texmfs/install/miktex/bin/x64/latex.exe
2025-11-29 22:01:29,307-0800 INFO  latex - running on Windows 10.0.26200
2025-11-29 22:01:29,309-0800 INFO  latex - this is MiKTeX-PDFTEX 4.21.0 (1.40.27) (MiKTeX 25.4 Portable)
2025-11-29 22:01:29,310-0800 INFO  latex - allowing known shell commands
2025-11-29 22:01:29,322-0800 INFO  latex - this process (6588) finishes with exit code 1
2025-11-29 22:01:45,746-0800 INFO  latex - this process (23352) started by cmdproxy in directory c:\Users\mod with command line: d:/miktex-portable/texmfs/install/miktex/bin/x64/latex.exe
2025-11-29 22:01:45,746-0800 INFO  latex - running on Windows 10.0.26200
2025-11-29 22:01:45,747-0800 INFO  latex - this is MiKTeX-PDFTEX 4.21.0 (1.40.27) (MiKTeX 25.4 Portable)
2025-11-29 22:01:45,749-0800 INFO  latex - allowing known shell commands
2025-11-29 22:01:45,759-0800 INFO  latex - this process (23352) finishes with exit code 1
2025-11-29 22:04:17,173-0800 INFO  latex - this process (21944) started by cmdproxy in directory c:\Users\mod with command line: d:/miktex-portable/texmfs/install/miktex/bin/x64/latex.exe -interaction nonstopmode -output-directory d:/Emacs/.emacs.d/tmp/latex d:/Emacs/.emacs.d/tmp/latex/orgtex2bZpY6.tex
2025-11-29 22:04:17,174-0800 INFO  latex - running on Windows 10.0.26200
2025-11-29 22:04:17,175-0800 INFO  latex - this is MiKTeX-PDFTEX 4.21.0 (1.40.27) (MiKTeX 25.4 Portable)
2025-11-29 22:04:17,176-0800 INFO  latex - allowing known shell commands
2025-11-29 22:04:17,183-0800 INFO  latex - setting output directory: d:/Emacs\.emacs.d\tmp\latex
2025-11-29 22:04:17,183-0800 INFO  latex - setting aux directory: d:/Emacs\.emacs.d\tmp\latex
2025-11-29 22:04:17,350-0800 INFO  latex - this process (21944) finishes with exit code 0
2025-11-29 22:05:08,427-0800 INFO  latex - this process (17596) started by cmdproxy in directory d:\Emacs with command line: d:/miktex-portable/texmfs/install/miktex/bin/x64/latex.exe -interaction nonstopmode -output-directory d:/Emacs/.emacs.d/tmp/latex d:/Emacs/.emacs.d/test.tex
2025-11-29 22:05:08,429-0800 INFO  latex - running on Windows 10.0.26200
2025-11-29 22:05:08,430-0800 INFO  latex - this is MiKTeX-PDFTEX 4.21.0 (1.40.27) (MiKTeX 25.4 Portable)
2025-11-29 22:05:08,432-0800 INFO  latex - allowing known shell commands
2025-11-29 22:05:08,438-0800 INFO  latex - setting output directory: d:/Emacs\.emacs.d\tmp\latex
2025-11-29 22:05:08,438-0800 INFO  latex - setting aux directory: d:/Emacs\.emacs.d\tmp\latex
2025-11-29 22:05:08,472-0800 INFO  latex - this process (17596) finishes with exit code 1
2025-11-29 22:09:23,444-0800 INFO  latex - this process (19092) started by cmdproxy in directory c:\Users\mod with command line: d:/miktex-portable/texmfs/install/miktex/bin/x64/latex.exe -interaction nonstopmode -output-directory d:/Emacs/.emacs.d/tmp/latex d:/Emacs/.emacs.d/tmp/latex/orgtexyvyY2O.tex
2025-11-29 22:09:23,444-0800 INFO  latex - running on Windows 10.0.26200
2025-11-29 22:09:23,445-0800 INFO  latex - this is MiKTeX-PDFTEX 4.21.0 (1.40.27) (MiKTeX 25.4 Portable)
2025-11-29 22:09:23,446-0800 INFO  latex - allowing known shell commands
2025-11-29 22:09:23,453-0800 INFO  latex - setting output directory: d:/Emacs\.emacs.d\tmp\latex
2025-11-29 22:09:23,453-0800 INFO  latex - setting aux directory: d:/Emacs\.emacs.d\tmp\latex
2025-11-29 22:09:23,624-0800 INFO  latex - this process (19092) finishes with exit code 0
2025-11-29 22:10:31,605-0800 INFO  latex - this process (6672) started by cmdproxy in directory c:\Users\mod with command line: d:/miktex-portable/texmfs/install/miktex/bin/x64/latex.exe -interaction nonstopmode -output-directory d:/Emacs/.emacs.d/tmp/latex d:/Emacs/.emacs.d/tmp/latex/orgtexdPrxnQ.tex
2025-11-29 22:10:31,605-0800 INFO  latex - running on Windows 10.0.26200
2025-11-29 22:10:31,606-0800 INFO  latex - this is MiKTeX-PDFTEX 4.21.0 (1.40.27) (MiKTeX 25.4 Portable)
2025-11-29 22:10:31,607-0800 INFO  latex - allowing known shell commands
2025-11-29 22:10:31,614-0800 INFO  latex - setting output directory: d:/Emacs\.emacs.d\tmp\latex
2025-11-29 22:10:31,614-0800 INFO  latex - setting aux directory: d:/Emacs\.emacs.d\tmp\latex
2025-11-29 22:10:31,787-0800 INFO  latex - this process (6672) finishes with exit code 0
2025-11-29 22:15:27,942-0800 INFO  latex - this process (14756) started by cmdproxy in directory c:\Users\mod with command line: latex -interaction nonstopmode -output-directory d:/Emacs/.emacs.d/tmp/latex/ d:/Emacs/.emacs.d/tmp/latex/orgtexwpHFSC.tex
2025-11-29 22:15:27,943-0800 INFO  latex - running on Windows 10.0.26200
2025-11-29 22:15:27,944-0800 INFO  latex - this is MiKTeX-PDFTEX 4.21.0 (1.40.27) (MiKTeX 25.4 Portable)
2025-11-29 22:15:27,945-0800 INFO  latex - allowing known shell commands
2025-11-29 22:15:27,952-0800 INFO  latex - setting output directory: d:/Emacs\.emacs.d\tmp\latex
2025-11-29 22:15:27,952-0800 INFO  latex - setting aux directory: d:/Emacs\.emacs.d\tmp\latex
2025-11-29 22:15:28,215-0800 INFO  latex - this process (14756) finishes with exit code 0
2025-11-29 22:35:05,644-0800 INFO  latex - this process (1876) started by cmdproxy in directory c:\Users\mod with command line: d:/miktex-portable/texmfs/install/miktex/bin/x64/latex.exe
2025-11-29 22:35:05,644-0800 INFO  latex - running on Windows 10.0.26200
2025-11-29 22:35:05,646-0800 INFO  latex - this is MiKTeX-PDFTEX 4.21.0 (1.40.27) (MiKTeX 25.4 Portable)
2025-11-29 22:35:05,647-0800 INFO  latex - allowing known shell commands
2025-11-29 22:35:05,657-0800 INFO  latex - this process (1876) finishes with exit code 1
2025-11-29 22:36:42,685-0800 INFO  latex - this process (14884) started by cmdproxy in directory d:\Emacs with command line: d:/miktex-portable/texmfs/install/miktex/bin/x64/latex.exe --version
2025-11-29 22:36:42,687-0800 INFO  latex - running on Windows 10.0.26200
2025-11-29 22:36:42,688-0800 INFO  latex - this is MiKTeX-PDFTEX 4.21.0 (1.40.27) (MiKTeX 25.4 Portable)
2025-11-29 22:36:42,690-0800 INFO  latex - allowing known shell commands
2025-11-29 22:36:42,697-0800 INFO  latex - this process (14884) finishes with exit code 0
2025-11-29 22:39:13,919-0800 INFO  latex - this process (2844) started by cmdproxy in directory c:\Users\mod with command line: d:/miktex-portable/texmfs/install/miktex/bin/x64/latex.exe
2025-11-29 22:39:13,919-0800 INFO  latex - running on Windows 10.0.26200
2025-11-29 22:39:13,920-0800 INFO  latex - this is MiKTeX-PDFTEX 4.21.0 (1.40.27) (MiKTeX 25.4 Portable)
2025-11-29 22:39:13,921-0800 INFO  latex - allowing known shell commands
2025-11-29 22:39:13,932-0800 INFO  latex - this process (2844) finishes with exit code 1
2025-11-29 22:40:03,278-0800 INFO  latex - this process (11212) started by cmdproxy in directory d:\Emacs with command line: d:/miktex-portable/texmfs/install/miktex/bin/x64/latex.exe
2025-11-29 22:40:03,278-0800 INFO  latex - running on Windows 10.0.26200
2025-11-29 22:40:03,279-0800 INFO  latex - this is MiKTeX-PDFTEX 4.21.0 (1.40.27) (MiKTeX 25.4 Portable)
2025-11-29 22:40:03,280-0800 INFO  latex - allowing known shell commands
2025-11-29 22:40:03,290-0800 INFO  latex - this process (11212) finishes with exit code 1
2025-11-29 22:45:15,255-0800 INFO  latex - this process (3304) started by cmdproxy in directory d:\Emacs with command line: d:/miktex-portable/texmfs/install/miktex/bin/x64/latex.exe
2025-11-29 22:45:15,255-0800 INFO  latex - running on Windows 10.0.26200
2025-11-29 22:45:15,256-0800 INFO  latex - this is MiKTeX-PDFTEX 4.21.0 (1.40.27) (MiKTeX 25.4 Portable)
2025-11-29 22:45:15,258-0800 INFO  latex - allowing known shell commands
2025-11-29 22:45:15,268-0800 INFO  latex - this process (3304) finishes with exit code 1
2025-11-29 22:47:46,237-0800 INFO  latex - this process (1392) started by cmdproxy in directory d:\Emacs with command line: d:/miktex-portable/texmfs/install/miktex/bin/x64/latex.exe
2025-11-29 22:47:46,238-0800 INFO  latex - running on Windows 10.0.26200
2025-11-29 22:47:46,239-0800 INFO  latex - this is MiKTeX-PDFTEX 4.21.0 (1.40.27) (MiKTeX 25.4 Portable)
2025-11-29 22:47:46,240-0800 INFO  latex - allowing known shell commands
2025-11-29 22:47:46,251-0800 INFO  latex - this process (1392) finishes with exit code 1
2025-11-29 22:48:05,504-0800 INFO  latex - this process (14820) started by cmdproxy in directory d:\Emacs with command line: d:/miktex-portable/texmfs/install/miktex/bin/x64/latex.exe
2025-11-29 22:48:05,504-0800 INFO  latex - running on Windows 10.0.26200
2025-11-29 22:48:05,505-0800 INFO  latex - this is MiKTeX-PDFTEX 4.21.0 (1.40.27) (MiKTeX 25.4 Portable)
2025-11-29 22:48:05,507-0800 INFO  latex - allowing known shell commands
2025-11-29 22:48:05,517-0800 INFO  latex - this process (14820) finishes with exit code 1
2025-11-29 22:51:51,045-0800 INFO  latex - this process (3344) started by cmdproxy in directory d:\Emacs with command line: d:/miktex-portable/texmfs/install/miktex/bin/x64/latex.exe -interaction nonstopmode -output-directory .emacs.d/tmp/latex/ .emacs.d/tmp/latex/orgtex7iPQmR.tex
2025-11-29 22:51:51,045-0800 INFO  latex - running on Windows 10.0.26200
2025-11-29 22:51:51,046-0800 INFO  latex - this is MiKTeX-PDFTEX 4.21.0 (1.40.27) (MiKTeX 25.4 Portable)
2025-11-29 22:51:51,048-0800 INFO  latex - allowing known shell commands
2025-11-29 22:51:51,055-0800 INFO  latex - setting output directory: d:\Emacs\.emacs.d\tmp\latex
2025-11-29 22:51:51,055-0800 INFO  latex - setting aux directory: d:\Emacs\.emacs.d\tmp\latex
2025-11-29 22:51:51,319-0800 INFO  latex - this process (3344) finishes with exit code 0
2025-11-29 22:52:28,820-0800 INFO  latex - this process (20152) started by cmdproxy in directory c:\Users\mod with command line: d:/miktex-portable/texmfs/install/miktex/bin/x64/latex.exe -interaction nonstopmode -output-directory d:/Emacs/.emacs.d/tmp/latex/ d:/Emacs/.emacs.d/tmp/latex/orgtexMLmQdl.tex
2025-11-29 22:52:28,823-0800 INFO  latex - running on Windows 10.0.26200
2025-11-29 22:52:28,824-0800 INFO  latex - this is MiKTeX-PDFTEX 4.21.0 (1.40.27) (MiKTeX 25.4 Portable)
2025-11-29 22:52:28,825-0800 INFO  latex - allowing known shell commands
2025-11-29 22:52:28,831-0800 INFO  latex - setting output directory: d:/Emacs\.emacs.d\tmp\latex
2025-11-29 22:52:28,832-0800 INFO  latex - setting aux directory: d:/Emacs\.emacs.d\tmp\latex
2025-11-29 22:52:29,000-0800 INFO  latex - this process (20152) finishes with exit code 0
2025-11-29 22:53:09,068-0800 INFO  latex - this process (10324) started by cmdproxy in directory c:\Users\mod with command line: d:/miktex-portable/texmfs/install/miktex/bin/x64/latex.exe -interaction nonstopmode -output-directory d:/Emacs/.emacs.d/tmp/latex/ d:/Emacs/.emacs.d/tmp/latex/orgtexRTmpnb.tex
2025-11-29 22:53:09,068-0800 INFO  latex - running on Windows 10.0.26200
2025-11-29 22:53:09,069-0800 INFO  latex - this is MiKTeX-PDFTEX 4.21.0 (1.40.27) (MiKTeX 25.4 Portable)
2025-11-29 22:53:09,070-0800 INFO  latex - allowing known shell commands
2025-11-29 22:53:09,077-0800 INFO  latex - setting output directory: d:/Emacs\.emacs.d\tmp\latex
2025-11-29 22:53:09,077-0800 INFO  latex - setting aux directory: d:/Emacs\.emacs.d\tmp\latex
2025-11-29 22:53:09,242-0800 INFO  latex - this process (10324) finishes with exit code 0
2025-11-29 22:54:50,093-0800 INFO  latex - this process (584) started by cmdproxy in directory d:\ with command line: d:/miktex-portable/texmfs/install/miktex/bin/x64/latex.exe -interaction nonstopmode -output-directory Emacs/.emacs.d/tmp/latex/ Emacs/.emacs.d/tmp/latex/orgtexycIYFj.tex
2025-11-29 22:54:50,094-0800 INFO  latex - running on Windows 10.0.26200
2025-11-29 22:54:50,095-0800 INFO  latex - this is MiKTeX-PDFTEX 4.21.0 (1.40.27) (MiKTeX 25.4 Portable)
2025-11-29 22:54:50,096-0800 INFO  latex - allowing known shell commands
2025-11-29 22:54:50,102-0800 INFO  latex - setting output directory: d:\Emacs\.emacs.d\tmp\latex
2025-11-29 22:54:50,103-0800 INFO  latex - setting aux directory: d:\Emacs\.emacs.d\tmp\latex
2025-11-29 22:54:50,273-0800 INFO  latex - this process (584) finishes with exit code 0
2025-11-29 23:54:54,503-0800 INFO  latex - this process (7796) started by cmdproxy in directory c:\Users\mod with command line: d:/miktex-portable/texmfs/install/miktex/bin/x64/latex.exe -interaction nonstopmode -output-directory d:/Emacs/.emacs.d/tmp/latex/ d:/Emacs/.emacs.d/tmp/latex/orgtexlIIn23.tex
2025-11-29 23:54:54,506-0800 INFO  latex - running on Windows 10.0.26200
2025-11-29 23:54:54,507-0800 INFO  latex - this is MiKTeX-PDFTEX 4.21.0 (1.40.27) (MiKTeX 25.4 Portable)
2025-11-29 23:54:54,517-0800 INFO  latex - allowing known shell commands
2025-11-29 23:54:54,524-0800 INFO  latex - setting output directory: d:/Emacs\.emacs.d\tmp\latex
2025-11-29 23:54:54,524-0800 INFO  latex - setting aux directory: d:/Emacs\.emacs.d\tmp\latex
2025-11-29 23:54:54,943-0800 INFO  latex - this process (7796) finishes with exit code 0
2025-11-29 23:56:29,447-0800 INFO  latex - this process (3548) started by cmd in directory D:\ with command line: d:/miktex-portable/texmfs/install/miktex/bin/x64/latex.exe -interaction nonstopmode -output-directory d:/Emacs/.emacs.d/tmp/latex test.tex
2025-11-29 23:56:29,450-0800 INFO  latex - running on Windows 10.0.26200
2025-11-29 23:56:29,451-0800 INFO  latex - this is MiKTeX-PDFTEX 4.21.0 (1.40.27) (MiKTeX 25.4 Portable)
2025-11-29 23:56:29,452-0800 INFO  latex - allowing known shell commands
2025-11-29 23:56:29,459-0800 INFO  latex - setting output directory: d:/Emacs\.emacs.d\tmp\latex
2025-11-29 23:56:29,459-0800 INFO  latex - setting aux directory: d:/Emacs\.emacs.d\tmp\latex
2025-11-29 23:56:29,498-0800 INFO  latex - this process (3548) finishes with exit code 1
2025-11-30 00:01:52,345-0800 INFO  latex - this process (12820) started by cmdproxy in directory d:\Emacs with command line: d:/miktex-portable/texmfs/install/miktex/bin/x64/latex.exe -interaction nonstopmode -output-directory .emacs.d/tmp/latex/ .emacs.d/tmp/latex/orgtex5yCzyJ.tex
2025-11-30 00:01:52,349-0800 INFO  latex - running on Windows 10.0.26200
2025-11-30 00:01:52,350-0800 INFO  latex - this is MiKTeX-PDFTEX 4.21.0 (1.40.27) (MiKTeX 25.4 Portable)
2025-11-30 00:01:52,351-0800 INFO  latex - allowing known shell commands
2025-11-30 00:01:52,358-0800 INFO  latex - setting output directory: d:\Emacs\.emacs.d\tmp\latex
2025-11-30 00:01:52,358-0800 INFO  latex - setting aux directory: d:\Emacs\.emacs.d\tmp\latex
2025-11-30 00:01:52,548-0800 INFO  latex - this process (12820) finishes with exit code 0
2025-11-30 00:02:14,789-0800 INFO  latex - this process (20872) started by cmdproxy in directory d:\Emacs with command line: d:/miktex-portable/texmfs/install/miktex/bin/x64/latex.exe -interaction nonstopmode -output-directory .emacs.d/tmp/latex/ .emacs.d/tmp/latex/orgtexIguQaO.tex
2025-11-30 00:02:14,789-0800 INFO  latex - running on Windows 10.0.26200
2025-11-30 00:02:14,790-0800 INFO  latex - this is MiKTeX-PDFTEX 4.21.0 (1.40.27) (MiKTeX 25.4 Portable)
2025-11-30 00:02:14,792-0800 INFO  latex - allowing known shell commands
2025-11-30 00:02:14,798-0800 INFO  latex - setting output directory: d:\Emacs\.emacs.d\tmp\latex
2025-11-30 00:02:14,798-0800 INFO  latex - setting aux directory: d:\Emacs\.emacs.d\tmp\latex
2025-11-30 00:02:14,965-0800 INFO  latex - this process (20872) finishes with exit code 0
2025-11-30 00:03:01,163-0800 INFO  latex - this process (6684) started by cmdproxy in directory c:\Users\mod with command line: d:/miktex-portable/texmfs/install/miktex/bin/x64/latex.exe -interaction nonstopmode -output-directory d:/Emacs/.emacs.d/tmp/latex/ d:/Emacs/.emacs.d/tmp/latex/orgtexTcLc1O.tex
2025-11-30 00:03:01,164-0800 INFO  latex - running on Windows 10.0.26200
2025-11-30 00:03:01,165-0800 INFO  latex - this is MiKTeX-PDFTEX 4.21.0 (1.40.27) (MiKTeX 25.4 Portable)
2025-11-30 00:03:01,166-0800 INFO  latex - allowing known shell commands
2025-11-30 00:03:01,173-0800 INFO  latex - setting output directory: d:/Emacs\.emacs.d\tmp\latex
2025-11-30 00:03:01,173-0800 INFO  latex - setting aux directory: d:/Emacs\.emacs.d\tmp\latex
2025-11-30 00:03:01,344-0800 INFO  latex - this process (6684) finishes with exit code 0
2025-11-30 00:07:33,176-0800 INFO  latex - this process (21464) started by cmdproxy in directory c:\Users\mod with command line: d:/miktex-portable/texmfs/install/miktex/bin/x64/latex.exe
2025-11-30 00:07:33,177-0800 INFO  latex - running on Windows 10.0.26200
2025-11-30 00:07:33,178-0800 INFO  latex - this is MiKTeX-PDFTEX 4.21.0 (1.40.27) (MiKTeX 25.4 Portable)
2025-11-30 00:07:33,179-0800 INFO  latex - allowing known shell commands
2025-11-30 00:07:33,190-0800 INFO  latex - this process (21464) finishes with exit code 1
2025-11-30 00:07:53,410-0800 INFO  latex - this process (18516) started by cmdproxy in directory d:\Emacs with command line: d:/miktex-portable/texmfs/install/miktex/bin/x64/latex.exe
2025-11-30 00:07:53,410-0800 INFO  latex - running on Windows 10.0.26200
2025-11-30 00:07:53,411-0800 INFO  latex - this is MiKTeX-PDFTEX 4.21.0 (1.40.27) (MiKTeX 25.4 Portable)
2025-11-30 00:07:53,413-0800 INFO  latex - allowing known shell commands
2025-11-30 00:07:53,423-0800 INFO  latex - this process (18516) finishes with exit code 1
2025-11-30 00:13:57,766-0800 INFO  latex - this process (23564) started by cmdproxy in directory d:\Emacs with command line: d:/miktex-portable/texmfs/install/miktex/bin/x64/latex.exe
2025-11-30 00:13:57,766-0800 INFO  latex - running on Windows 10.0.26200
2025-11-30 00:13:57,767-0800 INFO  latex - this is MiKTeX-PDFTEX 4.21.0 (1.40.27) (MiKTeX 25.4 Portable)
2025-11-30 00:13:57,768-0800 INFO  latex - allowing known shell commands
2025-11-30 00:13:57,778-0800 INFO  latex - this process (23564) finishes with exit code 1
2025-11-30 00:14:20,100-0800 INFO  latex - this process (13816) started by cmdproxy in directory c:\Users\mod with command line: d:/miktex-portable/texmfs/install/miktex/bin/x64/latex.exe
2025-11-30 00:14:20,100-0800 INFO  latex - running on Windows 10.0.26200
2025-11-30 00:14:20,101-0800 INFO  latex - this is MiKTeX-PDFTEX 4.21.0 (1.40.27) (MiKTeX 25.4 Portable)
2025-11-30 00:14:20,103-0800 INFO  latex - allowing known shell commands
2025-11-30 00:14:20,113-0800 INFO  latex - this process (13816) finishes with exit code 1
2025-11-30 00:19:04,825-0800 INFO  latex - this process (25216) started by cmdproxy in directory d:\Emacs with command line: d:/miktex-portable/texmfs/install/miktex/bin/x64/latex.exe
2025-11-30 00:19:04,825-0800 INFO  latex - running on Windows 10.0.26200
2025-11-30 00:19:04,826-0800 INFO  latex - this is MiKTeX-PDFTEX 4.21.0 (1.40.27) (MiKTeX 25.4 Portable)
2025-11-30 00:19:04,828-0800 INFO  latex - allowing known shell commands
2025-11-30 00:19:04,838-0800 INFO  latex - this process (25216) finishes with exit code 1
2025-11-30 00:23:10,025-0800 INFO  latex - this process (20240) started by cmdproxy in directory d:\Emacs with command line: latex -interaction nonstopmode -output-directory .emacs.d/tmp/latex/ .emacs.d/tmp/latex/orgtexBndglI.tex
2025-11-30 00:23:10,025-0800 INFO  latex - running on Windows 10.0.26200
2025-11-30 00:23:10,026-0800 INFO  latex - this is MiKTeX-PDFTEX 4.21.0 (1.40.27) (MiKTeX 25.4 Portable)
2025-11-30 00:23:10,027-0800 INFO  latex - allowing known shell commands
2025-11-30 00:23:10,034-0800 INFO  latex - setting output directory: d:\Emacs\.emacs.d\tmp\latex
2025-11-30 00:23:10,034-0800 INFO  latex - setting aux directory: d:\Emacs\.emacs.d\tmp\latex
2025-11-30 00:23:10,297-0800 INFO  latex - this process (20240) finishes with exit code 0
2025-11-30 00:23:37,876-0800 INFO  latex - this process (8548) started by cmdproxy in directory c:\Users\mod with command line: latex -interaction nonstopmode -output-directory d:/Emacs/.emacs.d/tmp/latex/ d:/Emacs/.emacs.d/tmp/latex/orgtexkGkeUh.tex
2025-11-30 00:23:37,877-0800 INFO  latex - running on Windows 10.0.26200
2025-11-30 00:23:37,878-0800 INFO  latex - this is MiKTeX-PDFTEX 4.21.0 (1.40.27) (MiKTeX 25.4 Portable)
2025-11-30 00:23:37,879-0800 INFO  latex - allowing known shell commands
2025-11-30 00:23:37,886-0800 INFO  latex - setting output directory: d:/Emacs\.emacs.d\tmp\latex
2025-11-30 00:23:37,886-0800 INFO  latex - setting aux directory: d:/Emacs\.emacs.d\tmp\latex
2025-11-30 00:23:38,060-0800 INFO  latex - this process (8548) finishes with exit code 0
