2025-11-19 19:43:23,736-0800 INFO  miktex-fc-cache - this process (19544) started by miktex in directory D:\ with command line: miktex-fc-cache --verbose --miktex-disable-maintenance --miktex-disable-diagnose
2025-11-19 19:43:23,736-0800 INFO  miktex-fc-cache - running on Windows 10.0.26200
2025-11-19 19:43:25,681-0800 INFO  miktex-fc-cache - this process (19544) finishes with exit code 0
2025-11-19 19:46:14,743-0800 INFO  miktex-fc-cache - this process (18372) started by miktex in directory D:\miktex-portable with command line: miktex-fc-cache --miktex-disable-maintenance --miktex-disable-diagnose
2025-11-19 19:46:14,744-0800 INFO  miktex-fc-cache - running on Windows 10.0.26200
2025-11-19 19:46:14,839-0800 INFO  miktex-fc-cache - this process (18372) finishes with exit code 0
2025-11-19 19:56:52,894-0800 INFO  miktex-fc-cache - this process (20188) started by miktex in directory D:\miktex-portable with command line: miktex-fc-cache --miktex-disable-maintenance --miktex-disable-diagnose
2025-11-19 19:56:52,894-0800 INFO  miktex-fc-cache - running on Windows 10.0.26200
2025-11-19 19:56:52,982-0800 INFO  miktex-fc-cache - this process (20188) finishes with exit code 0
2025-11-19 19:58:40,788-0800 INFO  miktex-fc-cache - this process (10160) started by miktex in directory D:\miktex-portable with command line: miktex-fc-cache --verbose --miktex-disable-maintenance --miktex-disable-diagnose
2025-11-19 19:58:40,788-0800 INFO  miktex-fc-cache - running on Windows 10.0.26200
2025-11-19 19:58:40,878-0800 INFO  miktex-fc-cache - this process (10160) finishes with exit code 0
2025-11-19 21:11:13,473-0800 INFO  miktex-fc-cache - this process (8672) started by miktex in directory d:\Emacs with command line: miktex-fc-cache --miktex-disable-maintenance --miktex-disable-diagnose
2025-11-19 21:11:13,473-0800 INFO  miktex-fc-cache - running on Windows 10.0.26200
2025-11-19 21:11:13,886-0800 INFO  miktex-fc-cache - this process (8672) finishes with exit code 0
2025-11-29 22:11:12,507-0800 INFO  miktex-fc-cache - this process (24324) started by miktex in directory c:\Users\mod with command line: miktex-fc-cache --miktex-disable-maintenance --miktex-disable-diagnose
2025-11-29 22:11:12,508-0800 INFO  miktex-fc-cache - running on Windows 10.0.26200
2025-11-29 22:11:13,751-0800 INFO  miktex-fc-cache - this process (24324) finishes with exit code 0
2025-11-29 22:11:44,693-0800 INFO  miktex-fc-cache - this process (19460) started by miktex in directory C:\Users\mod with command line: miktex-fc-cache --miktex-disable-maintenance --miktex-disable-diagnose
2025-11-29 22:11:44,694-0800 INFO  miktex-fc-cache - running on Windows 10.0.26200
2025-11-29 22:11:44,790-0800 INFO  miktex-fc-cache - this process (19460) finishes with exit code 0
2025-11-29 22:11:56,334-0800 INFO  miktex-fc-cache - this process (25072) started by miktex in directory C:\Users\mod with command line: miktex-fc-cache --miktex-disable-maintenance --miktex-disable-diagnose
2025-11-29 22:11:56,334-0800 INFO  miktex-fc-cache - running on Windows 10.0.26200
2025-11-29 22:11:56,414-0800 INFO  miktex-fc-cache - this process (25072) finishes with exit code 0
2025-11-29 22:12:09,445-0800 INFO  miktex-fc-cache - this process (6760) started by miktex in directory C:\Users\mod with command line: miktex-fc-cache --miktex-disable-maintenance --miktex-disable-diagnose
2025-11-29 22:12:09,446-0800 INFO  miktex-fc-cache - running on Windows 10.0.26200
2025-11-29 22:12:09,537-0800 INFO  miktex-fc-cache - this process (6760) finishes with exit code 0
2025-11-29 22:12:23,202-0800 INFO  miktex-fc-cache - this process (8136) started by miktex in directory C:\Users\mod with command line: miktex-fc-cache --miktex-disable-maintenance --miktex-disable-diagnose
2025-11-29 22:12:23,202-0800 INFO  miktex-fc-cache - running on Windows 10.0.26200
2025-11-29 22:12:23,281-0800 INFO  miktex-fc-cache - this process (8136) finishes with exit code 0
2025-11-29 22:12:46,355-0800 INFO  miktex-fc-cache - this process (25308) started by miktex in directory C:\Users\mod with command line: miktex-fc-cache --miktex-disable-maintenance --miktex-disable-diagnose
2025-11-29 22:12:46,355-0800 INFO  miktex-fc-cache - running on Windows 10.0.26200
2025-11-29 22:12:46,436-0800 INFO  miktex-fc-cache - this process (25308) finishes with exit code 0
2025-11-29 22:13:01,930-0800 INFO  miktex-fc-cache - this process (6828) started by miktex in directory C:\Users\mod with command line: miktex-fc-cache --miktex-disable-maintenance --miktex-disable-diagnose
2025-11-29 22:13:01,930-0800 INFO  miktex-fc-cache - running on Windows 10.0.26200
2025-11-29 22:13:02,014-0800 INFO  miktex-fc-cache - this process (6828) finishes with exit code 0
2025-11-29 22:13:25,008-0800 INFO  miktex-fc-cache - this process (25112) started by miktex in directory C:\Users\mod with command line: miktex-fc-cache --miktex-disable-maintenance --miktex-disable-diagnose
2025-11-29 22:13:25,008-0800 INFO  miktex-fc-cache - running on Windows 10.0.26200
2025-11-29 22:13:25,086-0800 INFO  miktex-fc-cache - this process (25112) finishes with exit code 0
2025-11-29 22:13:41,117-0800 INFO  miktex-fc-cache - this process (9672) started by miktex in directory C:\Users\mod with command line: miktex-fc-cache --miktex-disable-maintenance --miktex-disable-diagnose
2025-11-29 22:13:41,117-0800 INFO  miktex-fc-cache - running on Windows 10.0.26200
2025-11-29 22:13:41,196-0800 INFO  miktex-fc-cache - this process (9672) finishes with exit code 0
2025-11-29 22:18:21,045-0800 INFO  miktex-fc-cache - this process (18780) started by miktex in directory c:\Users\mod with command line: miktex-fc-cache --miktex-disable-maintenance --miktex-disable-diagnose
2025-11-29 22:18:21,046-0800 INFO  miktex-fc-cache - running on Windows 10.0.26200
2025-11-29 22:18:21,136-0800 INFO  miktex-fc-cache - this process (18780) finishes with exit code 0
2025-11-30 01:27:43,970-0800 INFO  miktex-fc-cache - this process (18196) started by miktex in directory C:\Users\mod with command line: miktex-fc-cache --miktex-disable-maintenance --miktex-disable-diagnose
2025-11-30 01:27:43,970-0800 INFO  miktex-fc-cache - running on Windows 10.0.26200
2025-11-30 01:27:44,303-0800 INFO  miktex-fc-cache - this process (18196) finishes with exit code 0
2025-11-30 01:35:33,169-0800 INFO  miktex-fc-cache - this process (24540) started by miktex in directory D:\ with command line: miktex-fc-cache --miktex-disable-maintenance --miktex-disable-diagnose
2025-11-30 01:35:33,170-0800 INFO  miktex-fc-cache - running on Windows 10.0.26200
2025-11-30 01:35:33,288-0800 INFO  miktex-fc-cache - this process (24540) finishes with exit code 0
2025-11-30 01:36:29,930-0800 INFO  miktex-fc-cache - this process (23928) started by miktex in directory D:\ with command line: miktex-fc-cache --miktex-disable-maintenance --miktex-disable-diagnose
2025-11-30 01:36:29,930-0800 INFO  miktex-fc-cache - running on Windows 10.0.26200
2025-11-30 01:36:30,014-0800 INFO  miktex-fc-cache - this process (23928) finishes with exit code 0
2025-11-30 01:36:54,000-0800 INFO  miktex-fc-cache - this process (11084) started by miktex in directory D:\ with command line: miktex-fc-cache --miktex-disable-maintenance --miktex-disable-diagnose
2025-11-30 01:36:54,000-0800 INFO  miktex-fc-cache - running on Windows 10.0.26200
2025-11-30 01:36:54,080-0800 INFO  miktex-fc-cache - this process (11084) finishes with exit code 0
2025-11-30 01:37:35,744-0800 INFO  miktex-fc-cache - this process (23060) started by miktex in directory D:\ with command line: miktex-fc-cache --miktex-disable-maintenance --miktex-disable-diagnose
2025-11-30 01:37:35,744-0800 INFO  miktex-fc-cache - running on Windows 10.0.26200
2025-11-30 01:37:35,825-0800 INFO  miktex-fc-cache - this process (23060) finishes with exit code 0
2025-11-30 01:38:15,640-0800 INFO  miktex-fc-cache - this process (21212) started by miktex in directory D:\ with command line: miktex-fc-cache --miktex-disable-maintenance --miktex-disable-diagnose
2025-11-30 01:38:15,640-0800 INFO  miktex-fc-cache - running on Windows 10.0.26200
2025-11-30 01:38:15,720-0800 INFO  miktex-fc-cache - this process (21212) finishes with exit code 0
2025-11-30 01:38:52,824-0800 INFO  miktex-fc-cache - this process (20020) started by miktex in directory D:\ with command line: miktex-fc-cache --miktex-disable-maintenance --miktex-disable-diagnose
2025-11-30 01:38:52,824-0800 INFO  miktex-fc-cache - running on Windows 10.0.26200
2025-11-30 01:38:52,907-0800 INFO  miktex-fc-cache - this process (20020) finishes with exit code 0
2025-11-30 01:39:37,189-0800 INFO  miktex-fc-cache - this process (3636) started by miktex in directory D:\ with command line: miktex-fc-cache --miktex-disable-maintenance --miktex-disable-diagnose
2025-11-30 01:39:37,189-0800 INFO  miktex-fc-cache - running on Windows 10.0.26200
2025-11-30 01:39:37,270-0800 INFO  miktex-fc-cache - this process (3636) finishes with exit code 0
2025-11-30 01:40:21,703-0800 INFO  miktex-fc-cache - this process (4760) started by miktex in directory D:\ with command line: miktex-fc-cache --miktex-disable-maintenance --miktex-disable-diagnose
2025-11-30 01:40:21,703-0800 INFO  miktex-fc-cache - running on Windows 10.0.26200
2025-11-30 01:40:21,785-0800 INFO  miktex-fc-cache - this process (4760) finishes with exit code 0
2025-12-14 01:33:17,521-0800 INFO  miktex-fc-cache - this process (11308) started by miktex in directory C:\Users\mod\folder with command line: miktex-fc-cache --miktex-disable-maintenance --miktex-disable-diagnose
2025-12-14 01:33:17,523-0800 INFO  miktex-fc-cache - running on Windows 10.0.26200
2025-12-14 01:33:19,332-0800 INFO  miktex-fc-cache - this process (11308) finishes with exit code 0
