2025-11-30 01:40:22,683-0800 INFO  miktex-makepk - this process (16508) started by pdflatex in directory D:\ with command line: miktex-makepk --enable-installer --verbose tcrm1095 600 600 1+0/600
2025-11-30 01:40:22,683-0800 INFO  miktex-makepk - running on Windows 10.0.26200
2025-11-30 01:40:22,685-0800 INFO  makepk - Trying to make PK font tcrm1095 at 600 DPI...
2025-11-30 01:40:22,700-0800 INFO  makepk - The METFAONT mode is: ljfour
2025-11-30 01:40:22,784-0800 INFO  makepk - Creating tcrm1095.pk...
2025-11-30 01:40:22,785-0800 INFO  makepk - Running miktex-mf.exe...
2025-11-30 01:40:22,785-0800 INFO  makepk - running: miktex-mf.exe --miktex-enable-installer --miktex-disable-maintenance --miktex-disable-diagnose --undump=mf \mode:=ljfour; \mag:=1+0/600; nonstopmode; "input tcrm1095"
2025-11-30 01:40:22,786-0800 INFO  miktex-makepk.core - start process: miktex-mf.exe --miktex-enable-installer --miktex-disable-maintenance --miktex-disable-diagnose --undump=mf \mode:=ljfour; \mag:=1+0/600; nonstopmode; "input tcrm1095"
2025-11-30 01:40:24,879-0800 INFO  makepk - Running miktex-gftopk.exe...
2025-11-30 01:40:24,879-0800 INFO  makepk - running: miktex-gftopk.exe --miktex-enable-installer --miktex-disable-maintenance --miktex-disable-diagnose tcrm1095.600gf tcrm1095.pk
2025-11-30 01:40:24,879-0800 INFO  miktex-makepk.core - start process: miktex-gftopk.exe --miktex-enable-installer --miktex-disable-maintenance --miktex-disable-diagnose tcrm1095.600gf tcrm1095.pk
2025-11-30 01:40:25,257-0800 INFO  makepk - Installing D:\miktex-portable\texmfs/data\fonts/pk/ljfour/jknappen/ec/dpi600\tcrm1095.pk...
2025-11-30 01:40:25,288-0800 INFO  miktex-makepk - this process (16508) finishes with exit code 0
2025-11-30 01:40:25,763-0800 INFO  miktex-makepk - this process (1884) started by pdflatex in directory D:\ with command line: miktex-makepk --enable-installer --verbose ecrm1095 600 600 1+0/600
2025-11-30 01:40:25,763-0800 INFO  miktex-makepk - running on Windows 10.0.26200
2025-11-30 01:40:25,764-0800 INFO  makepk - Trying to make PK font ecrm1095 at 600 DPI...
2025-11-30 01:40:25,766-0800 INFO  makepk - The METFAONT mode is: ljfour
2025-11-30 01:40:25,769-0800 INFO  makepk - Creating ecrm1095.pk...
2025-11-30 01:40:25,769-0800 INFO  makepk - Running miktex-mf.exe...
2025-11-30 01:40:25,769-0800 INFO  makepk - running: miktex-mf.exe --miktex-enable-installer --miktex-disable-maintenance --miktex-disable-diagnose --undump=mf \mode:=ljfour; \mag:=1+0/600; nonstopmode; "input ecrm1095"
2025-11-30 01:40:25,769-0800 INFO  miktex-makepk.core - start process: miktex-mf.exe --miktex-enable-installer --miktex-disable-maintenance --miktex-disable-diagnose --undump=mf \mode:=ljfour; \mag:=1+0/600; nonstopmode; "input ecrm1095"
2025-11-30 01:40:26,603-0800 INFO  makepk - Running miktex-gftopk.exe...
2025-11-30 01:40:26,603-0800 INFO  makepk - running: miktex-gftopk.exe --miktex-enable-installer --miktex-disable-maintenance --miktex-disable-diagnose ecrm1095.600gf ecrm1095.pk
2025-11-30 01:40:26,603-0800 INFO  miktex-makepk.core - start process: miktex-gftopk.exe --miktex-enable-installer --miktex-disable-maintenance --miktex-disable-diagnose ecrm1095.600gf ecrm1095.pk
2025-11-30 01:40:27,005-0800 INFO  makepk - Installing D:\miktex-portable\texmfs/data\fonts/pk/ljfour/jknappen/ec/dpi600\ecrm1095.pk...
2025-11-30 01:40:27,042-0800 INFO  miktex-makepk - this process (1884) finishes with exit code 0
2025-11-30 01:40:27,524-0800 INFO  miktex-makepk - this process (13832) started by pdflatex in directory D:\ with command line: miktex-makepk --enable-installer --verbose ecbx1200 600 600 1+0/600
2025-11-30 01:40:27,524-0800 INFO  miktex-makepk - running on Windows 10.0.26200
2025-11-30 01:40:27,525-0800 INFO  makepk - Trying to make PK font ecbx1200 at 600 DPI...
2025-11-30 01:40:27,527-0800 INFO  makepk - The METFAONT mode is: ljfour
2025-11-30 01:40:27,530-0800 INFO  makepk - Creating ecbx1200.pk...
2025-11-30 01:40:27,531-0800 INFO  makepk - Running miktex-mf.exe...
2025-11-30 01:40:27,531-0800 INFO  makepk - running: miktex-mf.exe --miktex-enable-installer --miktex-disable-maintenance --miktex-disable-diagnose --undump=mf \mode:=ljfour; \mag:=1+0/600; nonstopmode; "input ecbx1200"
2025-11-30 01:40:27,531-0800 INFO  miktex-makepk.core - start process: miktex-mf.exe --miktex-enable-installer --miktex-disable-maintenance --miktex-disable-diagnose --undump=mf \mode:=ljfour; \mag:=1+0/600; nonstopmode; "input ecbx1200"
2025-11-30 01:40:28,169-0800 INFO  makepk - Running miktex-gftopk.exe...
2025-11-30 01:40:28,169-0800 INFO  makepk - running: miktex-gftopk.exe --miktex-enable-installer --miktex-disable-maintenance --miktex-disable-diagnose ecbx1200.600gf ecbx1200.pk
2025-11-30 01:40:28,169-0800 INFO  miktex-makepk.core - start process: miktex-gftopk.exe --miktex-enable-installer --miktex-disable-maintenance --miktex-disable-diagnose ecbx1200.600gf ecbx1200.pk
2025-11-30 01:40:28,507-0800 INFO  makepk - Installing D:\miktex-portable\texmfs/data\fonts/pk/ljfour/jknappen/ec/dpi600\ecbx1200.pk...
2025-11-30 01:40:28,542-0800 INFO  miktex-makepk - this process (13832) finishes with exit code 0
2025-11-30 01:40:29,007-0800 INFO  miktex-makepk - this process (392) started by pdflatex in directory D:\ with command line: miktex-makepk --enable-installer --verbose ecbx1440 600 600 1+0/600
2025-11-30 01:40:29,007-0800 INFO  miktex-makepk - running on Windows 10.0.26200
2025-11-30 01:40:29,008-0800 INFO  makepk - Trying to make PK font ecbx1440 at 600 DPI...
2025-11-30 01:40:29,011-0800 INFO  makepk - The METFAONT mode is: ljfour
2025-11-30 01:40:29,013-0800 INFO  makepk - Creating ecbx1440.pk...
2025-11-30 01:40:29,014-0800 INFO  makepk - Running miktex-mf.exe...
2025-11-30 01:40:29,014-0800 INFO  makepk - running: miktex-mf.exe --miktex-enable-installer --miktex-disable-maintenance --miktex-disable-diagnose --undump=mf \mode:=ljfour; \mag:=1+0/600; nonstopmode; "input ecbx1440"
2025-11-30 01:40:29,014-0800 INFO  miktex-makepk.core - start process: miktex-mf.exe --miktex-enable-installer --miktex-disable-maintenance --miktex-disable-diagnose --undump=mf \mode:=ljfour; \mag:=1+0/600; nonstopmode; "input ecbx1440"
2025-11-30 01:40:29,640-0800 INFO  makepk - Running miktex-gftopk.exe...
2025-11-30 01:40:29,640-0800 INFO  makepk - running: miktex-gftopk.exe --miktex-enable-installer --miktex-disable-maintenance --miktex-disable-diagnose ecbx1440.600gf ecbx1440.pk
2025-11-30 01:40:29,640-0800 INFO  miktex-makepk.core - start process: miktex-gftopk.exe --miktex-enable-installer --miktex-disable-maintenance --miktex-disable-diagnose ecbx1440.600gf ecbx1440.pk
2025-11-30 01:40:29,988-0800 INFO  makepk - Installing D:\miktex-portable\texmfs/data\fonts/pk/ljfour/jknappen/ec/dpi600\ecbx1440.pk...
2025-11-30 01:40:30,024-0800 INFO  miktex-makepk - this process (392) finishes with exit code 0
2025-11-30 01:40:30,503-0800 INFO  miktex-makepk - this process (17416) started by pdflatex in directory D:\ with command line: miktex-makepk --enable-installer --verbose ecrm1200 600 600 1+0/600
2025-11-30 01:40:30,503-0800 INFO  miktex-makepk - running on Windows 10.0.26200
2025-11-30 01:40:30,504-0800 INFO  makepk - Trying to make PK font ecrm1200 at 600 DPI...
2025-11-30 01:40:30,506-0800 INFO  makepk - The METFAONT mode is: ljfour
2025-11-30 01:40:30,509-0800 INFO  makepk - Creating ecrm1200.pk...
2025-11-30 01:40:30,509-0800 INFO  makepk - Running miktex-mf.exe...
2025-11-30 01:40:30,509-0800 INFO  makepk - running: miktex-mf.exe --miktex-enable-installer --miktex-disable-maintenance --miktex-disable-diagnose --undump=mf \mode:=ljfour; \mag:=1+0/600; nonstopmode; "input ecrm1200"
2025-11-30 01:40:30,509-0800 INFO  miktex-makepk.core - start process: miktex-mf.exe --miktex-enable-installer --miktex-disable-maintenance --miktex-disable-diagnose --undump=mf \mode:=ljfour; \mag:=1+0/600; nonstopmode; "input ecrm1200"
2025-11-30 01:40:31,142-0800 INFO  makepk - Running miktex-gftopk.exe...
2025-11-30 01:40:31,143-0800 INFO  makepk - running: miktex-gftopk.exe --miktex-enable-installer --miktex-disable-maintenance --miktex-disable-diagnose ecrm1200.600gf ecrm1200.pk
2025-11-30 01:40:31,143-0800 INFO  miktex-makepk.core - start process: miktex-gftopk.exe --miktex-enable-installer --miktex-disable-maintenance --miktex-disable-diagnose ecrm1200.600gf ecrm1200.pk
2025-11-30 01:40:31,481-0800 INFO  makepk - Installing D:\miktex-portable\texmfs/data\fonts/pk/ljfour/jknappen/ec/dpi600\ecrm1200.pk...
2025-11-30 01:40:31,515-0800 INFO  miktex-makepk - this process (17416) finishes with exit code 0
2025-11-30 01:40:31,979-0800 INFO  miktex-makepk - this process (24156) started by pdflatex in directory D:\ with command line: miktex-makepk --enable-installer --verbose ecrm1728 600 600 1+0/600
2025-11-30 01:40:31,980-0800 INFO  miktex-makepk - running on Windows 10.0.26200
2025-11-30 01:40:31,981-0800 INFO  makepk - Trying to make PK font ecrm1728 at 600 DPI...
2025-11-30 01:40:31,983-0800 INFO  makepk - The METFAONT mode is: ljfour
2025-11-30 01:40:31,985-0800 INFO  makepk - Creating ecrm1728.pk...
2025-11-30 01:40:31,986-0800 INFO  makepk - Running miktex-mf.exe...
2025-11-30 01:40:31,986-0800 INFO  makepk - running: miktex-mf.exe --miktex-enable-installer --miktex-disable-maintenance --miktex-disable-diagnose --undump=mf \mode:=ljfour; \mag:=1+0/600; nonstopmode; "input ecrm1728"
2025-11-30 01:40:31,986-0800 INFO  miktex-makepk.core - start process: miktex-mf.exe --miktex-enable-installer --miktex-disable-maintenance --miktex-disable-diagnose --undump=mf \mode:=ljfour; \mag:=1+0/600; nonstopmode; "input ecrm1728"
2025-11-30 01:40:32,620-0800 INFO  makepk - Running miktex-gftopk.exe...
2025-11-30 01:40:32,620-0800 INFO  makepk - running: miktex-gftopk.exe --miktex-enable-installer --miktex-disable-maintenance --miktex-disable-diagnose ecrm1728.600gf ecrm1728.pk
2025-11-30 01:40:32,620-0800 INFO  miktex-makepk.core - start process: miktex-gftopk.exe --miktex-enable-installer --miktex-disable-maintenance --miktex-disable-diagnose ecrm1728.600gf ecrm1728.pk
2025-11-30 01:40:32,959-0800 INFO  makepk - Installing D:\miktex-portable\texmfs/data\fonts/pk/ljfour/jknappen/ec/dpi600\ecrm1728.pk...
2025-11-30 01:40:32,994-0800 INFO  miktex-makepk - this process (24156) finishes with exit code 0
2025-11-30 01:40:34,382-0800 INFO  miktex-makepk - this process (22668) started by pdflatex in directory D:\ with command line: miktex-makepk --enable-installer --verbose ecbx1095 600 600 1+0/600
2025-11-30 01:40:34,382-0800 INFO  miktex-makepk - running on Windows 10.0.26200
2025-11-30 01:40:34,383-0800 INFO  makepk - Trying to make PK font ecbx1095 at 600 DPI...
2025-11-30 01:40:34,385-0800 INFO  makepk - The METFAONT mode is: ljfour
2025-11-30 01:40:34,387-0800 INFO  makepk - Creating ecbx1095.pk...
2025-11-30 01:40:34,388-0800 INFO  makepk - Running miktex-mf.exe...
2025-11-30 01:40:34,388-0800 INFO  makepk - running: miktex-mf.exe --miktex-enable-installer --miktex-disable-maintenance --miktex-disable-diagnose --undump=mf \mode:=ljfour; \mag:=1+0/600; nonstopmode; "input ecbx1095"
2025-11-30 01:40:34,388-0800 INFO  miktex-makepk.core - start process: miktex-mf.exe --miktex-enable-installer --miktex-disable-maintenance --miktex-disable-diagnose --undump=mf \mode:=ljfour; \mag:=1+0/600; nonstopmode; "input ecbx1095"
2025-11-30 01:40:35,011-0800 INFO  makepk - Running miktex-gftopk.exe...
2025-11-30 01:40:35,011-0800 INFO  makepk - running: miktex-gftopk.exe --miktex-enable-installer --miktex-disable-maintenance --miktex-disable-diagnose ecbx1095.600gf ecbx1095.pk
2025-11-30 01:40:35,011-0800 INFO  miktex-makepk.core - start process: miktex-gftopk.exe --miktex-enable-installer --miktex-disable-maintenance --miktex-disable-diagnose ecbx1095.600gf ecbx1095.pk
2025-11-30 01:40:35,360-0800 INFO  makepk - Installing D:\miktex-portable\texmfs/data\fonts/pk/ljfour/jknappen/ec/dpi600\ecbx1095.pk...
2025-11-30 01:40:35,395-0800 INFO  miktex-makepk - this process (22668) finishes with exit code 0
2025-12-06 15:39:17,845-0800 INFO  miktex-makepk - this process (27008) started by pdflatex in directory C:\Users\mod\folder with command line: miktex-makepk --enable-installer --verbose ecrm1000 600 600 1+0/600
2025-12-06 15:39:17,845-0800 INFO  miktex-makepk - running on Windows 10.0.26200
2025-12-06 15:39:17,847-0800 INFO  makepk - Trying to make PK font ecrm1000 at 600 DPI...
2025-12-06 15:39:17,864-0800 INFO  makepk - The METFAONT mode is: ljfour
2025-12-06 15:39:17,872-0800 INFO  makepk - Creating ecrm1000.pk...
2025-12-06 15:39:17,873-0800 INFO  makepk - Running miktex-mf.exe...
2025-12-06 15:39:17,873-0800 INFO  makepk - running: miktex-mf.exe --miktex-enable-installer --miktex-disable-maintenance --miktex-disable-diagnose --undump=mf \mode:=ljfour; \mag:=1+0/600; nonstopmode; "input ecrm1000"
2025-12-06 15:39:17,873-0800 INFO  miktex-makepk.core - start process: miktex-mf.exe --miktex-enable-installer --miktex-disable-maintenance --miktex-disable-diagnose --undump=mf \mode:=ljfour; \mag:=1+0/600; nonstopmode; "input ecrm1000"
2025-12-06 15:39:18,761-0800 INFO  makepk - Running miktex-gftopk.exe...
2025-12-06 15:39:18,761-0800 INFO  makepk - running: miktex-gftopk.exe --miktex-enable-installer --miktex-disable-maintenance --miktex-disable-diagnose ecrm1000.600gf ecrm1000.pk
2025-12-06 15:39:18,761-0800 INFO  miktex-makepk.core - start process: miktex-gftopk.exe --miktex-enable-installer --miktex-disable-maintenance --miktex-disable-diagnose ecrm1000.600gf ecrm1000.pk
2025-12-06 15:39:19,140-0800 INFO  makepk - Installing D:\miktex-portable\texmfs/data\fonts/pk/ljfour/jknappen/ec/dpi600\ecrm1000.pk...
2025-12-06 15:39:19,174-0800 INFO  miktex-makepk - this process (27008) finishes with exit code 0
2025-12-07 00:23:25,225-0800 INFO  miktex-makepk - this process (26556) started by pdflatex in directory C:\Users\mod\folder with command line: miktex-makepk --enable-installer --verbose ecti1095 600 600 1+0/600
2025-12-07 00:23:25,229-0800 INFO  miktex-makepk - running on Windows 10.0.26200
2025-12-07 00:23:25,232-0800 INFO  makepk - Trying to make PK font ecti1095 at 600 DPI...
2025-12-07 00:23:25,253-0800 INFO  makepk - The METFAONT mode is: ljfour
2025-12-07 00:23:25,260-0800 INFO  makepk - Creating ecti1095.pk...
2025-12-07 00:23:25,261-0800 INFO  makepk - Running miktex-mf.exe...
2025-12-07 00:23:25,261-0800 INFO  makepk - running: miktex-mf.exe --miktex-enable-installer --miktex-disable-maintenance --miktex-disable-diagnose --undump=mf \mode:=ljfour; \mag:=1+0/600; nonstopmode; "input ecti1095"
2025-12-07 00:23:25,261-0800 INFO  miktex-makepk.core - start process: miktex-mf.exe --miktex-enable-installer --miktex-disable-maintenance --miktex-disable-diagnose --undump=mf \mode:=ljfour; \mag:=1+0/600; nonstopmode; "input ecti1095"
2025-12-07 00:23:26,151-0800 INFO  makepk - Running miktex-gftopk.exe...
2025-12-07 00:23:26,152-0800 INFO  makepk - running: miktex-gftopk.exe --miktex-enable-installer --miktex-disable-maintenance --miktex-disable-diagnose ecti1095.600gf ecti1095.pk
2025-12-07 00:23:26,152-0800 INFO  miktex-makepk.core - start process: miktex-gftopk.exe --miktex-enable-installer --miktex-disable-maintenance --miktex-disable-diagnose ecti1095.600gf ecti1095.pk
2025-12-07 00:23:26,541-0800 INFO  makepk - Installing D:\miktex-portable\texmfs/data\fonts/pk/ljfour/jknappen/ec/dpi600\ecti1095.pk...
2025-12-07 00:23:26,576-0800 INFO  miktex-makepk - this process (26556) finishes with exit code 0
