2025-11-30 01:40:23,152-0800 INFO  miktex-mf - this process (7056) started by miktex-makepk in directory C:\Users\mod\AppData\Local\Temp\mik48064 with command line: miktex-mf.exe --miktex-enable-installer --miktex-disable-maintenance --miktex-disable-diagnose --undump=mf \mode:=ljfour; \mag:=1+0/600; nonstopmode; "input tcrm1095"
2025-11-30 01:40:23,152-0800 INFO  miktex-mf - running on Windows 10.0.26200
2025-11-30 01:40:23,153-0800 INFO  miktex-mf - this is MiKTeX-METAFONT 4.2.0 (2.71828182) (MiKTeX 25.4 Portable)
2025-11-30 01:40:23,170-0800 INFO  miktex-mf - going to create file: mf.base
2025-11-30 01:40:23,171-0800 INFO  miktex-mf.core - start process: miktex --enable-installer formats build mf
2025-11-30 01:40:24,229-0800 INFO  miktex-mf - this process (23656) started by miktex-makebase in directory C:\Users\mod\AppData\Local\Temp\mik80352 with command line: miktex-mf.exe --miktex-enable-installer --miktex-disable-maintenance --miktex-disable-diagnose --initialize --interaction=nonstopmode --halt-on-error -tcx=cp227.tcx mf.ini
2025-11-30 01:40:24,230-0800 INFO  miktex-mf - running on Windows 10.0.26200
2025-11-30 01:40:24,230-0800 INFO  miktex-mf - this is MiKTeX-METAFONT 4.2.0 (2.71828182) (MiKTeX 25.4 Portable)
2025-11-30 01:40:24,280-0800 INFO  miktex-mf - this process (23656) finishes with exit code 0
2025-11-30 01:40:24,783-0800 INFO  miktex-mf - this process (7056) finishes with exit code 0
2025-11-30 01:40:26,081-0800 INFO  miktex-mf - this process (5396) started by miktex-makepk in directory C:\Users\mod\AppData\Local\Temp\mik57392 with command line: miktex-mf.exe --miktex-enable-installer --miktex-disable-maintenance --miktex-disable-diagnose --undump=mf \mode:=ljfour; \mag:=1+0/600; nonstopmode; "input ecrm1095"
2025-11-30 01:40:26,081-0800 INFO  miktex-mf - running on Windows 10.0.26200
2025-11-30 01:40:26,081-0800 INFO  miktex-mf - this is MiKTeX-METAFONT 4.2.0 (2.71828182) (MiKTeX 25.4 Portable)
2025-11-30 01:40:26,494-0800 INFO  miktex-mf - this process (5396) finishes with exit code 0
2025-11-30 01:40:27,828-0800 INFO  miktex-mf - this process (11716) started by miktex-makepk in directory C:\Users\mod\AppData\Local\Temp\mik96492 with command line: miktex-mf.exe --miktex-enable-installer --miktex-disable-maintenance --miktex-disable-diagnose --undump=mf \mode:=ljfour; \mag:=1+0/600; nonstopmode; "input ecbx1200"
2025-11-30 01:40:27,829-0800 INFO  miktex-mf - running on Windows 10.0.26200
2025-11-30 01:40:27,829-0800 INFO  miktex-mf - this is MiKTeX-METAFONT 4.2.0 (2.71828182) (MiKTeX 25.4 Portable)
2025-11-30 01:40:28,060-0800 INFO  miktex-mf - this process (11716) finishes with exit code 0
2025-11-30 01:40:29,327-0800 INFO  miktex-mf - this process (4488) started by miktex-makepk in directory C:\Users\mod\AppData\Local\Temp\mik93269 with command line: miktex-mf.exe --miktex-enable-installer --miktex-disable-maintenance --miktex-disable-diagnose --undump=mf \mode:=ljfour; \mag:=1+0/600; nonstopmode; "input ecbx1440"
2025-11-30 01:40:29,327-0800 INFO  miktex-mf - running on Windows 10.0.26200
2025-11-30 01:40:29,328-0800 INFO  miktex-mf - this is MiKTeX-METAFONT 4.2.0 (2.71828182) (MiKTeX 25.4 Portable)
2025-11-30 01:40:29,549-0800 INFO  miktex-mf - this process (4488) finishes with exit code 0
2025-11-30 01:40:30,812-0800 INFO  miktex-mf - this process (9272) started by miktex-makepk in directory C:\Users\mod\AppData\Local\Temp\mik83270 with command line: miktex-mf.exe --miktex-enable-installer --miktex-disable-maintenance --miktex-disable-diagnose --undump=mf \mode:=ljfour; \mag:=1+0/600; nonstopmode; "input ecrm1200"
2025-11-30 01:40:30,812-0800 INFO  miktex-mf - running on Windows 10.0.26200
2025-11-30 01:40:30,812-0800 INFO  miktex-mf - this is MiKTeX-METAFONT 4.2.0 (2.71828182) (MiKTeX 25.4 Portable)
2025-11-30 01:40:31,034-0800 INFO  miktex-mf - this process (9272) finishes with exit code 0
2025-11-30 01:40:32,307-0800 INFO  miktex-mf - this process (9932) started by miktex-makepk in directory C:\Users\mod\AppData\Local\Temp\mik35733 with command line: miktex-mf.exe --miktex-enable-installer --miktex-disable-maintenance --miktex-disable-diagnose --undump=mf \mode:=ljfour; \mag:=1+0/600; nonstopmode; "input ecrm1728"
2025-11-30 01:40:32,307-0800 INFO  miktex-mf - running on Windows 10.0.26200
2025-11-30 01:40:32,307-0800 INFO  miktex-mf - this is MiKTeX-METAFONT 4.2.0 (2.71828182) (MiKTeX 25.4 Portable)
2025-11-30 01:40:32,529-0800 INFO  miktex-mf - this process (9932) finishes with exit code 0
2025-11-30 01:40:34,691-0800 INFO  miktex-mf - this process (14824) started by miktex-makepk in directory C:\Users\mod\AppData\Local\Temp\mik69184 with command line: miktex-mf.exe --miktex-enable-installer --miktex-disable-maintenance --miktex-disable-diagnose --undump=mf \mode:=ljfour; \mag:=1+0/600; nonstopmode; "input ecbx1095"
2025-11-30 01:40:34,691-0800 INFO  miktex-mf - running on Windows 10.0.26200
2025-11-30 01:40:34,691-0800 INFO  miktex-mf - this is MiKTeX-METAFONT 4.2.0 (2.71828182) (MiKTeX 25.4 Portable)
2025-11-30 01:40:34,915-0800 INFO  miktex-mf - this process (14824) finishes with exit code 0
2025-12-06 15:39:18,222-0800 INFO  miktex-mf - this process (19704) started by miktex-makepk in directory C:\Users\mod\AppData\Local\Temp\mik18958 with command line: miktex-mf.exe --miktex-enable-installer --miktex-disable-maintenance --miktex-disable-diagnose --undump=mf \mode:=ljfour; \mag:=1+0/600; nonstopmode; "input ecrm1000"
2025-12-06 15:39:18,223-0800 INFO  miktex-mf - running on Windows 10.0.26200
2025-12-06 15:39:18,223-0800 INFO  miktex-mf - this is MiKTeX-METAFONT 4.2.0 (2.71828182) (MiKTeX 25.4 Portable)
2025-12-06 15:39:18,662-0800 INFO  miktex-mf - this process (19704) finishes with exit code 0
2025-12-07 00:23:25,615-0800 INFO  miktex-mf - this process (18380) started by miktex-makepk in directory C:\Users\mod\AppData\Local\Temp\mik2693 with command line: miktex-mf.exe --miktex-enable-installer --miktex-disable-maintenance --miktex-disable-diagnose --undump=mf \mode:=ljfour; \mag:=1+0/600; nonstopmode; "input ecti1095"
2025-12-07 00:23:25,616-0800 INFO  miktex-mf - running on Windows 10.0.26200
2025-12-07 00:23:25,616-0800 INFO  miktex-mf - this is MiKTeX-METAFONT 4.2.0 (2.71828182) (MiKTeX 25.4 Portable)
2025-12-07 00:23:26,052-0800 INFO  miktex-mf - this process (18380) finishes with exit code 0
