2025-12-06 15:08:40,627-0800 INFO  rungs - this process (27268) started by emacs in directory c:\Users\mod\folder with command line: d:\miktex-portable\texmfs\install\miktex\bin\x64\rungs.exe -dSAFER -dNOPAUSE -dTextAlphaBits=4 -dBATCH -dGraphicsAlphaBits=4 -dQUIET -sNODISPLAY c:/Users/mod/folder/outline.pdf
2025-12-06 15:08:40,627-0800 INFO  rungs - running on Windows 10.0.26200
2025-12-06 15:08:40,663-0800 INFO  rungs.core - start process: d:\miktex-portable\texmfs\install\miktex/bin/x64\mgs.exe -dSAFER -dNOPAUSE -dTextAlphaBits=4 -dBATCH -dGraphicsAlphaBits=4 -dQUIET -sNODISPLAY c:/Users/mod/folder/outline.pdf
2025-12-06 15:08:41,263-0800 INFO  rungs - this process (27268) finishes with exit code 0
2025-12-06 15:08:41,548-0800 INFO  rungs - this process (15392) started by emacs in directory c:\Users\mod\folder with command line: d:\miktex-portable\texmfs\install\miktex\bin\x64\rungs.exe -dSAFER -dNOPAUSE -dTextAlphaBits=4 -dBATCH -dGraphicsAlphaBits=4 -dQUIET -sDEVICE=png16m -r100 -sOutputFile=d:/Emacs/.emacs.d/tmp/latex/docview1001/outline.pdf-8ef75b90bdfb3f96a8422cf7699ffddc/page-%d.png c:/Users/mod/folder/outline.pdf
2025-12-06 15:08:41,549-0800 INFO  rungs - running on Windows 10.0.26200
2025-12-06 15:08:41,580-0800 INFO  rungs.core - start process: d:\miktex-portable\texmfs\install\miktex/bin/x64\mgs.exe -dSAFER -dNOPAUSE -dTextAlphaBits=4 -dBATCH -dGraphicsAlphaBits=4 -dQUIET -sDEVICE=png16m -r100 -sOutputFile=d:/Emacs/.emacs.d/tmp/latex/docview1001/outline.pdf-8ef75b90bdfb3f96a8422cf7699ffddc/page-%d.png c:/Users/mod/folder/outline.pdf
2025-12-06 15:08:41,977-0800 INFO  rungs - this process (15392) finishes with exit code 0
2025-12-06 15:21:01,693-0800 INFO  rungs - this process (27364) started by emacs in directory c:\Users\mod\folder with command line: d:\miktex-portable\texmfs\install\miktex\bin\x64\rungs.exe -dSAFER -dNOPAUSE -dTextAlphaBits=4 -dBATCH -dGraphicsAlphaBits=4 -dQUIET -sNODISPLAY c:/Users/mod/folder/ControlsReport.pdf
2025-12-06 15:21:01,696-0800 INFO  rungs - running on Windows 10.0.26200
2025-12-06 15:21:01,727-0800 INFO  rungs.core - start process: d:\miktex-portable\texmfs\install\miktex/bin/x64\mgs.exe -dSAFER -dNOPAUSE -dTextAlphaBits=4 -dBATCH -dGraphicsAlphaBits=4 -dQUIET -sNODISPLAY c:/Users/mod/folder/ControlsReport.pdf
2025-12-06 15:21:01,999-0800 INFO  rungs - this process (27364) finishes with exit code 0
2025-12-06 15:21:02,274-0800 INFO  rungs - this process (20524) started by emacs in directory c:\Users\mod\folder with command line: d:\miktex-portable\texmfs\install\miktex\bin\x64\rungs.exe -dSAFER -dNOPAUSE -dTextAlphaBits=4 -dBATCH -dGraphicsAlphaBits=4 -dQUIET -sDEVICE=png16m -r100 -sOutputFile=d:/Emacs/.emacs.d/tmp/latex/docview1001/ControlsReport.pdf-a80448c61534780a2147cc08abe7f40b/page-%d.png c:/Users/mod/folder/ControlsReport.pdf
2025-12-06 15:21:02,274-0800 INFO  rungs - running on Windows 10.0.26200
2025-12-06 15:21:02,306-0800 INFO  rungs.core - start process: d:\miktex-portable\texmfs\install\miktex/bin/x64\mgs.exe -dSAFER -dNOPAUSE -dTextAlphaBits=4 -dBATCH -dGraphicsAlphaBits=4 -dQUIET -sDEVICE=png16m -r100 -sOutputFile=d:/Emacs/.emacs.d/tmp/latex/docview1001/ControlsReport.pdf-a80448c61534780a2147cc08abe7f40b/page-%d.png c:/Users/mod/folder/ControlsReport.pdf
2025-12-06 15:21:02,634-0800 INFO  rungs - this process (20524) finishes with exit code 0
2025-12-06 15:22:12,077-0800 INFO  rungs - this process (26168) started by emacs in directory c:\Users\mod\folder with command line: d:\miktex-portable\texmfs\install\miktex\bin\x64\rungs.exe -dSAFER -dNOPAUSE -dTextAlphaBits=4 -dBATCH -dGraphicsAlphaBits=4 -dQUIET -sNODISPLAY c:/Users/mod/folder/ControlsReport.pdf
2025-12-06 15:22:12,077-0800 INFO  rungs - running on Windows 10.0.26200
2025-12-06 15:22:12,109-0800 INFO  rungs.core - start process: d:\miktex-portable\texmfs\install\miktex/bin/x64\mgs.exe -dSAFER -dNOPAUSE -dTextAlphaBits=4 -dBATCH -dGraphicsAlphaBits=4 -dQUIET -sNODISPLAY c:/Users/mod/folder/ControlsReport.pdf
2025-12-06 15:22:12,375-0800 INFO  rungs - this process (26168) finishes with exit code 0
2025-12-06 15:22:12,650-0800 INFO  rungs - this process (29180) started by emacs in directory c:\Users\mod\folder with command line: d:\miktex-portable\texmfs\install\miktex\bin\x64\rungs.exe -dSAFER -dNOPAUSE -dTextAlphaBits=4 -dBATCH -dGraphicsAlphaBits=4 -dQUIET -sDEVICE=png16m -r100 -sOutputFile=d:/Emacs/.emacs.d/tmp/latex/docview1001/ControlsReport.pdf-a80448c61534780a2147cc08abe7f40b/page-%d.png c:/Users/mod/folder/ControlsReport.pdf
2025-12-06 15:22:12,650-0800 INFO  rungs - running on Windows 10.0.26200
2025-12-06 15:22:12,683-0800 INFO  rungs.core - start process: d:\miktex-portable\texmfs\install\miktex/bin/x64\mgs.exe -dSAFER -dNOPAUSE -dTextAlphaBits=4 -dBATCH -dGraphicsAlphaBits=4 -dQUIET -sDEVICE=png16m -r100 -sOutputFile=d:/Emacs/.emacs.d/tmp/latex/docview1001/ControlsReport.pdf-a80448c61534780a2147cc08abe7f40b/page-%d.png c:/Users/mod/folder/ControlsReport.pdf
2025-12-06 15:22:13,056-0800 INFO  rungs - this process (29180) finishes with exit code 0
2025-12-06 15:22:20,036-0800 INFO  rungs - this process (28884) started by emacs in directory c:\Users\mod\folder with command line: d:\miktex-portable\texmfs\install\miktex\bin\x64\rungs.exe -dSAFER -dNOPAUSE -dTextAlphaBits=4 -dBATCH -dGraphicsAlphaBits=4 -dQUIET -sNODISPLAY c:/Users/mod/folder/ControlsReport.pdf
2025-12-06 15:22:20,038-0800 INFO  rungs - running on Windows 10.0.26200
2025-12-06 15:22:20,070-0800 INFO  rungs.core - start process: d:\miktex-portable\texmfs\install\miktex/bin/x64\mgs.exe -dSAFER -dNOPAUSE -dTextAlphaBits=4 -dBATCH -dGraphicsAlphaBits=4 -dQUIET -sNODISPLAY c:/Users/mod/folder/ControlsReport.pdf
2025-12-06 15:22:20,343-0800 INFO  rungs - this process (28884) finishes with exit code 0
2025-12-06 15:22:20,623-0800 INFO  rungs - this process (364) started by emacs in directory c:\Users\mod\folder with command line: d:\miktex-portable\texmfs\install\miktex\bin\x64\rungs.exe -dSAFER -dNOPAUSE -dTextAlphaBits=4 -dBATCH -dGraphicsAlphaBits=4 -dQUIET -sDEVICE=png16m -r100 -dFirstPage=1 -dLastPage=1 -sOutputFile=d:/Emacs/.emacs.d/tmp/latex/docview1001/ControlsReport.pdf-2a1624d96f8c0c238030cf84399ef822/page-1.png c:/Users/mod/folder/ControlsReport.pdf
2025-12-06 15:22:20,626-0800 INFO  rungs - running on Windows 10.0.26200
2025-12-06 15:22:20,658-0800 INFO  rungs.core - start process: d:\miktex-portable\texmfs\install\miktex/bin/x64\mgs.exe -dSAFER -dNOPAUSE -dTextAlphaBits=4 -dBATCH -dGraphicsAlphaBits=4 -dQUIET -sDEVICE=png16m -r100 -dFirstPage=1 -dLastPage=1 -sOutputFile=d:/Emacs/.emacs.d/tmp/latex/docview1001/ControlsReport.pdf-2a1624d96f8c0c238030cf84399ef822/page-1.png c:/Users/mod/folder/ControlsReport.pdf
2025-12-06 15:22:20,989-0800 INFO  rungs - this process (364) finishes with exit code 0
2025-12-06 15:22:21,261-0800 INFO  rungs - this process (23492) started by emacs in directory c:\Users\mod\folder with command line: d:\miktex-portable\texmfs\install\miktex\bin\x64\rungs.exe -dSAFER -dNOPAUSE -dTextAlphaBits=4 -dBATCH -dGraphicsAlphaBits=4 -dQUIET -sNODISPLAY c:/Users/mod/folder/ControlsReport.pdf
2025-12-06 15:22:21,263-0800 INFO  rungs - running on Windows 10.0.26200
2025-12-06 15:22:21,296-0800 INFO  rungs.core - start process: d:\miktex-portable\texmfs\install\miktex/bin/x64\mgs.exe -dSAFER -dNOPAUSE -dTextAlphaBits=4 -dBATCH -dGraphicsAlphaBits=4 -dQUIET -sNODISPLAY c:/Users/mod/folder/ControlsReport.pdf
2025-12-06 15:22:21,571-0800 INFO  rungs - this process (23492) finishes with exit code 0
2025-12-06 15:22:37,227-0800 INFO  rungs - this process (26632) started by emacs in directory c:\Users\mod\folder with command line: d:\miktex-portable\texmfs\install\miktex\bin\x64\rungs.exe -dSAFER -dNOPAUSE -dTextAlphaBits=4 -dBATCH -dGraphicsAlphaBits=4 -dQUIET -sNODISPLAY c:/Users/mod/folder/ControlsReport.pdf
2025-12-06 15:22:37,230-0800 INFO  rungs - running on Windows 10.0.26200
2025-12-06 15:22:37,261-0800 INFO  rungs.core - start process: d:\miktex-portable\texmfs\install\miktex/bin/x64\mgs.exe -dSAFER -dNOPAUSE -dTextAlphaBits=4 -dBATCH -dGraphicsAlphaBits=4 -dQUIET -sNODISPLAY c:/Users/mod/folder/ControlsReport.pdf
2025-12-06 15:22:37,534-0800 INFO  rungs - this process (26632) finishes with exit code 0
2025-12-06 15:22:37,811-0800 INFO  rungs - this process (27976) started by emacs in directory c:\Users\mod\folder with command line: d:\miktex-portable\texmfs\install\miktex\bin\x64\rungs.exe -dSAFER -dNOPAUSE -dTextAlphaBits=4 -dBATCH -dGraphicsAlphaBits=4 -dQUIET -sDEVICE=png16m -r100 -sOutputFile=d:/Emacs/.emacs.d/tmp/latex/docview1001/ControlsReport.pdf-2a1624d96f8c0c238030cf84399ef822/page-%d.png c:/Users/mod/folder/ControlsReport.pdf
2025-12-06 15:22:37,813-0800 INFO  rungs - running on Windows 10.0.26200
2025-12-06 15:22:37,845-0800 INFO  rungs.core - start process: d:\miktex-portable\texmfs\install\miktex/bin/x64\mgs.exe -dSAFER -dNOPAUSE -dTextAlphaBits=4 -dBATCH -dGraphicsAlphaBits=4 -dQUIET -sDEVICE=png16m -r100 -sOutputFile=d:/Emacs/.emacs.d/tmp/latex/docview1001/ControlsReport.pdf-2a1624d96f8c0c238030cf84399ef822/page-%d.png c:/Users/mod/folder/ControlsReport.pdf
2025-12-06 15:22:38,217-0800 INFO  rungs - this process (27976) finishes with exit code 0
2025-12-06 15:23:13,373-0800 INFO  rungs - this process (27668) started by emacs in directory c:\Users\mod\folder with command line: d:\miktex-portable\texmfs\install\miktex\bin\x64\rungs.exe -dSAFER -dNOPAUSE -dTextAlphaBits=4 -dBATCH -dGraphicsAlphaBits=4 -dQUIET -sNODISPLAY c:/Users/mod/folder/ControlsReport.pdf
2025-12-06 15:23:13,374-0800 INFO  rungs - running on Windows 10.0.26200
2025-12-06 15:23:13,405-0800 INFO  rungs.core - start process: d:\miktex-portable\texmfs\install\miktex/bin/x64\mgs.exe -dSAFER -dNOPAUSE -dTextAlphaBits=4 -dBATCH -dGraphicsAlphaBits=4 -dQUIET -sNODISPLAY c:/Users/mod/folder/ControlsReport.pdf
2025-12-06 15:23:13,682-0800 INFO  rungs - this process (27668) finishes with exit code 0
2025-12-06 15:23:13,963-0800 INFO  rungs - this process (19624) started by emacs in directory c:\Users\mod\folder with command line: d:\miktex-portable\texmfs\install\miktex\bin\x64\rungs.exe -dSAFER -dNOPAUSE -dTextAlphaBits=4 -dBATCH -dGraphicsAlphaBits=4 -dQUIET -sDEVICE=png16m -r100 -sOutputFile=d:/Emacs/.emacs.d/tmp/latex/docview1001/ControlsReport.pdf-2a1624d96f8c0c238030cf84399ef822/page-%d.png c:/Users/mod/folder/ControlsReport.pdf
2025-12-06 15:23:13,966-0800 INFO  rungs - running on Windows 10.0.26200
2025-12-06 15:23:13,997-0800 INFO  rungs.core - start process: d:\miktex-portable\texmfs\install\miktex/bin/x64\mgs.exe -dSAFER -dNOPAUSE -dTextAlphaBits=4 -dBATCH -dGraphicsAlphaBits=4 -dQUIET -sDEVICE=png16m -r100 -sOutputFile=d:/Emacs/.emacs.d/tmp/latex/docview1001/ControlsReport.pdf-2a1624d96f8c0c238030cf84399ef822/page-%d.png c:/Users/mod/folder/ControlsReport.pdf
2025-12-06 15:23:14,373-0800 INFO  rungs - this process (19624) finishes with exit code 0
2025-12-06 15:25:48,908-0800 INFO  rungs - this process (17872) started by emacs in directory c:\Users\mod\folder with command line: d:\miktex-portable\texmfs\install\miktex\bin\x64\rungs.exe -dSAFER -dNOPAUSE -dTextAlphaBits=4 -dBATCH -dGraphicsAlphaBits=4 -dQUIET -sNODISPLAY c:/Users/mod/folder/ControlsReport.pdf
2025-12-06 15:25:48,909-0800 INFO  rungs - running on Windows 10.0.26200
2025-12-06 15:25:48,940-0800 INFO  rungs.core - start process: d:\miktex-portable\texmfs\install\miktex/bin/x64\mgs.exe -dSAFER -dNOPAUSE -dTextAlphaBits=4 -dBATCH -dGraphicsAlphaBits=4 -dQUIET -sNODISPLAY c:/Users/mod/folder/ControlsReport.pdf
2025-12-06 15:25:49,206-0800 INFO  rungs - this process (17872) finishes with exit code 0
2025-12-06 15:25:49,478-0800 INFO  rungs - this process (26100) started by emacs in directory c:\Users\mod\folder with command line: d:\miktex-portable\texmfs\install\miktex\bin\x64\rungs.exe -dSAFER -dNOPAUSE -dTextAlphaBits=4 -dBATCH -dGraphicsAlphaBits=4 -dQUIET -sDEVICE=png16m -r100 -sOutputFile=d:/Emacs/.emacs.d/tmp/latex/docview1001/ControlsReport.pdf-2a1624d96f8c0c238030cf84399ef822/page-%d.png c:/Users/mod/folder/ControlsReport.pdf
2025-12-06 15:25:49,478-0800 INFO  rungs - running on Windows 10.0.26200
2025-12-06 15:25:49,511-0800 INFO  rungs.core - start process: d:\miktex-portable\texmfs\install\miktex/bin/x64\mgs.exe -dSAFER -dNOPAUSE -dTextAlphaBits=4 -dBATCH -dGraphicsAlphaBits=4 -dQUIET -sDEVICE=png16m -r100 -sOutputFile=d:/Emacs/.emacs.d/tmp/latex/docview1001/ControlsReport.pdf-2a1624d96f8c0c238030cf84399ef822/page-%d.png c:/Users/mod/folder/ControlsReport.pdf
2025-12-06 15:25:49,878-0800 INFO  rungs - this process (26100) finishes with exit code 0
2025-12-06 15:37:58,628-0800 INFO  rungs - this process (6616) started by emacs in directory c:\Users\mod\folder with command line: d:\miktex-portable\texmfs\install\miktex\bin\x64\rungs.exe -dSAFER -dNOPAUSE -dTextAlphaBits=4 -dBATCH -dGraphicsAlphaBits=4 -dQUIET -sNODISPLAY c:/Users/mod/folder/ControlsReport.pdf
2025-12-06 15:37:58,630-0800 INFO  rungs - running on Windows 10.0.26200
2025-12-06 15:37:58,665-0800 INFO  rungs.core - start process: d:\miktex-portable\texmfs\install\miktex/bin/x64\mgs.exe -dSAFER -dNOPAUSE -dTextAlphaBits=4 -dBATCH -dGraphicsAlphaBits=4 -dQUIET -sNODISPLAY c:/Users/mod/folder/ControlsReport.pdf
2025-12-06 15:37:58,945-0800 INFO  rungs - this process (6616) finishes with exit code 0
2025-12-06 15:37:59,219-0800 INFO  rungs - this process (26976) started by emacs in directory c:\Users\mod\folder with command line: d:\miktex-portable\texmfs\install\miktex\bin\x64\rungs.exe -dSAFER -dNOPAUSE -dTextAlphaBits=4 -dBATCH -dGraphicsAlphaBits=4 -dQUIET -sDEVICE=png16m -r100 -sOutputFile=d:/Emacs/.emacs.d/tmp/latex/docview1001/ControlsReport.pdf-2a1624d96f8c0c238030cf84399ef822/page-%d.png c:/Users/mod/folder/ControlsReport.pdf
2025-12-06 15:37:59,221-0800 INFO  rungs - running on Windows 10.0.26200
2025-12-06 15:37:59,253-0800 INFO  rungs.core - start process: d:\miktex-portable\texmfs\install\miktex/bin/x64\mgs.exe -dSAFER -dNOPAUSE -dTextAlphaBits=4 -dBATCH -dGraphicsAlphaBits=4 -dQUIET -sDEVICE=png16m -r100 -sOutputFile=d:/Emacs/.emacs.d/tmp/latex/docview1001/ControlsReport.pdf-2a1624d96f8c0c238030cf84399ef822/page-%d.png c:/Users/mod/folder/ControlsReport.pdf
2025-12-06 15:37:59,642-0800 INFO  rungs - this process (26976) finishes with exit code 0
2025-12-06 15:39:26,306-0800 INFO  rungs - this process (22100) started by emacs in directory c:\Users\mod\folder with command line: d:\miktex-portable\texmfs\install\miktex\bin\x64\rungs.exe -dSAFER -dNOPAUSE -dTextAlphaBits=4 -dBATCH -dGraphicsAlphaBits=4 -dQUIET -sNODISPLAY c:/Users/mod/folder/ControlsReport.pdf
2025-12-06 15:39:26,307-0800 INFO  rungs - running on Windows 10.0.26200
2025-12-06 15:39:26,339-0800 INFO  rungs.core - start process: d:\miktex-portable\texmfs\install\miktex/bin/x64\mgs.exe -dSAFER -dNOPAUSE -dTextAlphaBits=4 -dBATCH -dGraphicsAlphaBits=4 -dQUIET -sNODISPLAY c:/Users/mod/folder/ControlsReport.pdf
2025-12-06 15:39:26,617-0800 INFO  rungs - this process (22100) finishes with exit code 0
2025-12-06 15:39:26,891-0800 INFO  rungs - this process (6608) started by emacs in directory c:\Users\mod\folder with command line: d:\miktex-portable\texmfs\install\miktex\bin\x64\rungs.exe -dSAFER -dNOPAUSE -dTextAlphaBits=4 -dBATCH -dGraphicsAlphaBits=4 -dQUIET -sDEVICE=png16m -r100 -sOutputFile=d:/Emacs/.emacs.d/tmp/latex/docview1001/ControlsReport.pdf-2a1624d96f8c0c238030cf84399ef822/page-%d.png c:/Users/mod/folder/ControlsReport.pdf
2025-12-06 15:39:26,893-0800 INFO  rungs - running on Windows 10.0.26200
2025-12-06 15:39:26,924-0800 INFO  rungs.core - start process: d:\miktex-portable\texmfs\install\miktex/bin/x64\mgs.exe -dSAFER -dNOPAUSE -dTextAlphaBits=4 -dBATCH -dGraphicsAlphaBits=4 -dQUIET -sDEVICE=png16m -r100 -sOutputFile=d:/Emacs/.emacs.d/tmp/latex/docview1001/ControlsReport.pdf-2a1624d96f8c0c238030cf84399ef822/page-%d.png c:/Users/mod/folder/ControlsReport.pdf
2025-12-06 15:39:27,316-0800 INFO  rungs - this process (6608) finishes with exit code 0
2025-12-06 15:40:07,633-0800 INFO  rungs - this process (24784) started by emacs in directory c:\Users\mod\folder with command line: d:\miktex-portable\texmfs\install\miktex\bin\x64\rungs.exe -dSAFER -dNOPAUSE -dTextAlphaBits=4 -dBATCH -dGraphicsAlphaBits=4 -dQUIET -sNODISPLAY c:/Users/mod/folder/ControlsReport.pdf
2025-12-06 15:40:07,634-0800 INFO  rungs - running on Windows 10.0.26200
2025-12-06 15:40:07,666-0800 INFO  rungs.core - start process: d:\miktex-portable\texmfs\install\miktex/bin/x64\mgs.exe -dSAFER -dNOPAUSE -dTextAlphaBits=4 -dBATCH -dGraphicsAlphaBits=4 -dQUIET -sNODISPLAY c:/Users/mod/folder/ControlsReport.pdf
2025-12-06 15:40:07,936-0800 INFO  rungs - this process (24784) finishes with exit code 0
2025-12-06 15:40:08,208-0800 INFO  rungs - this process (24092) started by emacs in directory c:\Users\mod\folder with command line: d:\miktex-portable\texmfs\install\miktex\bin\x64\rungs.exe -dSAFER -dNOPAUSE -dTextAlphaBits=4 -dBATCH -dGraphicsAlphaBits=4 -dQUIET -sDEVICE=png16m -r100 -sOutputFile=d:/Emacs/.emacs.d/tmp/latex/docview1001/ControlsReport.pdf-2a1624d96f8c0c238030cf84399ef822/page-%d.png c:/Users/mod/folder/ControlsReport.pdf
2025-12-06 15:40:08,212-0800 INFO  rungs - running on Windows 10.0.26200
2025-12-06 15:40:08,243-0800 INFO  rungs.core - start process: d:\miktex-portable\texmfs\install\miktex/bin/x64\mgs.exe -dSAFER -dNOPAUSE -dTextAlphaBits=4 -dBATCH -dGraphicsAlphaBits=4 -dQUIET -sDEVICE=png16m -r100 -sOutputFile=d:/Emacs/.emacs.d/tmp/latex/docview1001/ControlsReport.pdf-2a1624d96f8c0c238030cf84399ef822/page-%d.png c:/Users/mod/folder/ControlsReport.pdf
2025-12-06 15:40:08,633-0800 INFO  rungs - this process (24092) finishes with exit code 0
2025-12-06 15:42:19,496-0800 INFO  rungs - this process (23236) started by emacs in directory c:\Users\mod\folder with command line: d:\miktex-portable\texmfs\install\miktex\bin\x64\rungs.exe -dSAFER -dNOPAUSE -dTextAlphaBits=4 -dBATCH -dGraphicsAlphaBits=4 -dQUIET -sNODISPLAY c:/Users/mod/folder/ControlsReport.pdf
2025-12-06 15:42:19,496-0800 INFO  rungs - running on Windows 10.0.26200
2025-12-06 15:42:19,528-0800 INFO  rungs.core - start process: d:\miktex-portable\texmfs\install\miktex/bin/x64\mgs.exe -dSAFER -dNOPAUSE -dTextAlphaBits=4 -dBATCH -dGraphicsAlphaBits=4 -dQUIET -sNODISPLAY c:/Users/mod/folder/ControlsReport.pdf
2025-12-06 15:42:19,801-0800 INFO  rungs - this process (23236) finishes with exit code 0
2025-12-06 15:42:20,085-0800 INFO  rungs - this process (13024) started by emacs in directory c:\Users\mod\folder with command line: d:\miktex-portable\texmfs\install\miktex\bin\x64\rungs.exe -dSAFER -dNOPAUSE -dTextAlphaBits=4 -dBATCH -dGraphicsAlphaBits=4 -dQUIET -sDEVICE=png16m -r100 -sOutputFile=d:/Emacs/.emacs.d/tmp/latex/docview1001/ControlsReport.pdf-2a1624d96f8c0c238030cf84399ef822/page-%d.png c:/Users/mod/folder/ControlsReport.pdf
2025-12-06 15:42:20,087-0800 INFO  rungs - running on Windows 10.0.26200
2025-12-06 15:42:20,119-0800 INFO  rungs.core - start process: d:\miktex-portable\texmfs\install\miktex/bin/x64\mgs.exe -dSAFER -dNOPAUSE -dTextAlphaBits=4 -dBATCH -dGraphicsAlphaBits=4 -dQUIET -sDEVICE=png16m -r100 -sOutputFile=d:/Emacs/.emacs.d/tmp/latex/docview1001/ControlsReport.pdf-2a1624d96f8c0c238030cf84399ef822/page-%d.png c:/Users/mod/folder/ControlsReport.pdf
2025-12-06 15:42:20,501-0800 INFO  rungs - this process (13024) finishes with exit code 0
2025-12-06 15:43:03,654-0800 INFO  rungs - this process (12824) started by emacs in directory c:\Users\mod\folder with command line: d:\miktex-portable\texmfs\install\miktex\bin\x64\rungs.exe -dSAFER -dNOPAUSE -dTextAlphaBits=4 -dBATCH -dGraphicsAlphaBits=4 -dQUIET -sNODISPLAY c:/Users/mod/folder/ControlsReport.pdf
2025-12-06 15:43:03,654-0800 INFO  rungs - running on Windows 10.0.26200
2025-12-06 15:43:03,686-0800 INFO  rungs.core - start process: d:\miktex-portable\texmfs\install\miktex/bin/x64\mgs.exe -dSAFER -dNOPAUSE -dTextAlphaBits=4 -dBATCH -dGraphicsAlphaBits=4 -dQUIET -sNODISPLAY c:/Users/mod/folder/ControlsReport.pdf
2025-12-06 15:43:03,966-0800 INFO  rungs - this process (12824) finishes with exit code 0
2025-12-06 15:43:04,240-0800 INFO  rungs - this process (21196) started by emacs in directory c:\Users\mod\folder with command line: d:\miktex-portable\texmfs\install\miktex\bin\x64\rungs.exe -dSAFER -dNOPAUSE -dTextAlphaBits=4 -dBATCH -dGraphicsAlphaBits=4 -dQUIET -sDEVICE=png16m -r100 -sOutputFile=d:/Emacs/.emacs.d/tmp/latex/docview1001/ControlsReport.pdf-2a1624d96f8c0c238030cf84399ef822/page-%d.png c:/Users/mod/folder/ControlsReport.pdf
2025-12-06 15:43:04,243-0800 INFO  rungs - running on Windows 10.0.26200
2025-12-06 15:43:04,275-0800 INFO  rungs.core - start process: d:\miktex-portable\texmfs\install\miktex/bin/x64\mgs.exe -dSAFER -dNOPAUSE -dTextAlphaBits=4 -dBATCH -dGraphicsAlphaBits=4 -dQUIET -sDEVICE=png16m -r100 -sOutputFile=d:/Emacs/.emacs.d/tmp/latex/docview1001/ControlsReport.pdf-2a1624d96f8c0c238030cf84399ef822/page-%d.png c:/Users/mod/folder/ControlsReport.pdf
2025-12-06 15:43:04,665-0800 INFO  rungs - this process (21196) finishes with exit code 0
2025-12-06 15:46:13,897-0800 INFO  rungs - this process (19324) started by emacs in directory c:\Users\mod\folder with command line: d:\miktex-portable\texmfs\install\miktex\bin\x64\rungs.exe -dSAFER -dNOPAUSE -dTextAlphaBits=4 -dBATCH -dGraphicsAlphaBits=4 -dQUIET -sNODISPLAY c:/Users/mod/folder/ControlsReport.pdf
2025-12-06 15:46:13,897-0800 INFO  rungs - running on Windows 10.0.26200
2025-12-06 15:46:13,929-0800 INFO  rungs.core - start process: d:\miktex-portable\texmfs\install\miktex/bin/x64\mgs.exe -dSAFER -dNOPAUSE -dTextAlphaBits=4 -dBATCH -dGraphicsAlphaBits=4 -dQUIET -sNODISPLAY c:/Users/mod/folder/ControlsReport.pdf
2025-12-06 15:46:14,205-0800 INFO  rungs - this process (19324) finishes with exit code 0
2025-12-06 15:46:14,483-0800 INFO  rungs - this process (8888) started by emacs in directory c:\Users\mod\folder with command line: d:\miktex-portable\texmfs\install\miktex\bin\x64\rungs.exe -dSAFER -dNOPAUSE -dTextAlphaBits=4 -dBATCH -dGraphicsAlphaBits=4 -dQUIET -sDEVICE=png16m -r100 -sOutputFile=d:/Emacs/.emacs.d/tmp/latex/docview1001/ControlsReport.pdf-2a1624d96f8c0c238030cf84399ef822/page-%d.png c:/Users/mod/folder/ControlsReport.pdf
2025-12-06 15:46:14,485-0800 INFO  rungs - running on Windows 10.0.26200
2025-12-06 15:46:14,517-0800 INFO  rungs.core - start process: d:\miktex-portable\texmfs\install\miktex/bin/x64\mgs.exe -dSAFER -dNOPAUSE -dTextAlphaBits=4 -dBATCH -dGraphicsAlphaBits=4 -dQUIET -sDEVICE=png16m -r100 -sOutputFile=d:/Emacs/.emacs.d/tmp/latex/docview1001/ControlsReport.pdf-2a1624d96f8c0c238030cf84399ef822/page-%d.png c:/Users/mod/folder/ControlsReport.pdf
2025-12-06 15:46:14,902-0800 INFO  rungs - this process (8888) finishes with exit code 0
2025-12-06 17:42:03,420-0800 INFO  rungs - this process (30684) started by emacs in directory c:\Users\mod\folder with command line: d:\miktex-portable\texmfs\install\miktex\bin\x64\rungs.exe -dSAFER -dNOPAUSE -dTextAlphaBits=4 -dBATCH -dGraphicsAlphaBits=4 -dQUIET -sNODISPLAY c:/Users/mod/folder/ControlsReport.pdf
2025-12-06 17:42:03,422-0800 INFO  rungs - running on Windows 10.0.26200
2025-12-06 17:42:03,454-0800 INFO  rungs.core - start process: d:\miktex-portable\texmfs\install\miktex/bin/x64\mgs.exe -dSAFER -dNOPAUSE -dTextAlphaBits=4 -dBATCH -dGraphicsAlphaBits=4 -dQUIET -sNODISPLAY c:/Users/mod/folder/ControlsReport.pdf
2025-12-06 17:42:03,723-0800 INFO  rungs - this process (30684) finishes with exit code 0
2025-12-06 17:42:04,009-0800 INFO  rungs - this process (30460) started by emacs in directory c:\Users\mod\folder with command line: d:\miktex-portable\texmfs\install\miktex\bin\x64\rungs.exe -dSAFER -dNOPAUSE -dTextAlphaBits=4 -dBATCH -dGraphicsAlphaBits=4 -dQUIET -sDEVICE=png16m -r100 -sOutputFile=d:/Emacs/.emacs.d/tmp/latex/docview1001/ControlsReport.pdf-709df50e01274db40a219ee072da741d/page-%d.png c:/Users/mod/folder/ControlsReport.pdf
2025-12-06 17:42:04,011-0800 INFO  rungs - running on Windows 10.0.26200
2025-12-06 17:42:04,042-0800 INFO  rungs.core - start process: d:\miktex-portable\texmfs\install\miktex/bin/x64\mgs.exe -dSAFER -dNOPAUSE -dTextAlphaBits=4 -dBATCH -dGraphicsAlphaBits=4 -dQUIET -sDEVICE=png16m -r100 -sOutputFile=d:/Emacs/.emacs.d/tmp/latex/docview1001/ControlsReport.pdf-709df50e01274db40a219ee072da741d/page-%d.png c:/Users/mod/folder/ControlsReport.pdf
2025-12-06 17:42:04,423-0800 INFO  rungs - this process (30460) finishes with exit code 0
2025-12-06 18:03:46,367-0800 INFO  rungs - this process (28956) started by emacs in directory c:\Users\mod\folder with command line: d:\miktex-portable\texmfs\install\miktex\bin\x64\rungs.exe -dSAFER -dNOPAUSE -dTextAlphaBits=4 -dBATCH -dGraphicsAlphaBits=4 -dQUIET -sNODISPLAY c:/Users/mod/folder/ControlsReport.pdf
2025-12-06 18:03:46,367-0800 INFO  rungs - running on Windows 10.0.26200
2025-12-06 18:03:46,399-0800 INFO  rungs.core - start process: d:\miktex-portable\texmfs\install\miktex/bin/x64\mgs.exe -dSAFER -dNOPAUSE -dTextAlphaBits=4 -dBATCH -dGraphicsAlphaBits=4 -dQUIET -sNODISPLAY c:/Users/mod/folder/ControlsReport.pdf
2025-12-06 18:03:46,686-0800 INFO  rungs - this process (28956) finishes with exit code 0
2025-12-06 18:03:46,962-0800 INFO  rungs - this process (5144) started by emacs in directory c:\Users\mod\folder with command line: d:\miktex-portable\texmfs\install\miktex\bin\x64\rungs.exe -dSAFER -dNOPAUSE -dTextAlphaBits=4 -dBATCH -dGraphicsAlphaBits=4 -dQUIET -sDEVICE=png16m -r100 -sOutputFile=d:/Emacs/.emacs.d/tmp/latex/docview1001/ControlsReport.pdf-709df50e01274db40a219ee072da741d/page-%d.png c:/Users/mod/folder/ControlsReport.pdf
2025-12-06 18:03:46,966-0800 INFO  rungs - running on Windows 10.0.26200
2025-12-06 18:03:46,997-0800 INFO  rungs.core - start process: d:\miktex-portable\texmfs\install\miktex/bin/x64\mgs.exe -dSAFER -dNOPAUSE -dTextAlphaBits=4 -dBATCH -dGraphicsAlphaBits=4 -dQUIET -sDEVICE=png16m -r100 -sOutputFile=d:/Emacs/.emacs.d/tmp/latex/docview1001/ControlsReport.pdf-709df50e01274db40a219ee072da741d/page-%d.png c:/Users/mod/folder/ControlsReport.pdf
2025-12-06 18:03:47,384-0800 INFO  rungs - this process (5144) finishes with exit code 0
2025-12-06 18:13:40,482-0800 INFO  rungs - this process (13824) started by emacs in directory c:\Users\mod\folder with command line: d:\miktex-portable\texmfs\install\miktex\bin\x64\rungs.exe -dSAFER -dNOPAUSE -dTextAlphaBits=4 -dBATCH -dGraphicsAlphaBits=4 -dQUIET -sNODISPLAY c:/Users/mod/folder/ControlsReport.pdf
2025-12-06 18:13:40,482-0800 INFO  rungs - running on Windows 10.0.26200
2025-12-06 18:13:40,513-0800 INFO  rungs.core - start process: d:\miktex-portable\texmfs\install\miktex/bin/x64\mgs.exe -dSAFER -dNOPAUSE -dTextAlphaBits=4 -dBATCH -dGraphicsAlphaBits=4 -dQUIET -sNODISPLAY c:/Users/mod/folder/ControlsReport.pdf
2025-12-06 18:13:40,807-0800 INFO  rungs - this process (13824) finishes with exit code 0
2025-12-06 18:13:41,090-0800 INFO  rungs - this process (27884) started by emacs in directory c:\Users\mod\folder with command line: d:\miktex-portable\texmfs\install\miktex\bin\x64\rungs.exe -dSAFER -dNOPAUSE -dTextAlphaBits=4 -dBATCH -dGraphicsAlphaBits=4 -dQUIET -sDEVICE=png16m -r100 -sOutputFile=d:/Emacs/.emacs.d/tmp/latex/docview1001/ControlsReport.pdf-709df50e01274db40a219ee072da741d/page-%d.png c:/Users/mod/folder/ControlsReport.pdf
2025-12-06 18:13:41,093-0800 INFO  rungs - running on Windows 10.0.26200
2025-12-06 18:13:41,125-0800 INFO  rungs.core - start process: d:\miktex-portable\texmfs\install\miktex/bin/x64\mgs.exe -dSAFER -dNOPAUSE -dTextAlphaBits=4 -dBATCH -dGraphicsAlphaBits=4 -dQUIET -sDEVICE=png16m -r100 -sOutputFile=d:/Emacs/.emacs.d/tmp/latex/docview1001/ControlsReport.pdf-709df50e01274db40a219ee072da741d/page-%d.png c:/Users/mod/folder/ControlsReport.pdf
2025-12-06 18:13:41,523-0800 INFO  rungs - this process (27884) finishes with exit code 0
2025-12-06 19:30:26,945-0800 INFO  rungs - this process (18060) started by emacs in directory c:\Users\mod\folder with command line: d:\miktex-portable\texmfs\install\miktex\bin\x64\rungs.exe -dSAFER -dNOPAUSE -dTextAlphaBits=4 -dBATCH -dGraphicsAlphaBits=4 -dQUIET -sNODISPLAY c:/Users/mod/folder/ControlsReport.pdf
2025-12-06 19:30:26,947-0800 INFO  rungs - running on Windows 10.0.26200
2025-12-06 19:30:26,978-0800 INFO  rungs.core - start process: d:\miktex-portable\texmfs\install\miktex/bin/x64\mgs.exe -dSAFER -dNOPAUSE -dTextAlphaBits=4 -dBATCH -dGraphicsAlphaBits=4 -dQUIET -sNODISPLAY c:/Users/mod/folder/ControlsReport.pdf
2025-12-06 19:30:27,403-0800 INFO  rungs - this process (18060) finishes with exit code 0
2025-12-06 19:30:27,691-0800 INFO  rungs - this process (18968) started by emacs in directory c:\Users\mod\folder with command line: d:\miktex-portable\texmfs\install\miktex\bin\x64\rungs.exe -dSAFER -dNOPAUSE -dTextAlphaBits=4 -dBATCH -dGraphicsAlphaBits=4 -dQUIET -sDEVICE=png16m -r100 -sOutputFile=d:/Emacs/.emacs.d/tmp/latex/docview1001/ControlsReport.pdf-709df50e01274db40a219ee072da741d/page-%d.png c:/Users/mod/folder/ControlsReport.pdf
2025-12-06 19:30:27,691-0800 INFO  rungs - running on Windows 10.0.26200
2025-12-06 19:30:27,725-0800 INFO  rungs.core - start process: d:\miktex-portable\texmfs\install\miktex/bin/x64\mgs.exe -dSAFER -dNOPAUSE -dTextAlphaBits=4 -dBATCH -dGraphicsAlphaBits=4 -dQUIET -sDEVICE=png16m -r100 -sOutputFile=d:/Emacs/.emacs.d/tmp/latex/docview1001/ControlsReport.pdf-709df50e01274db40a219ee072da741d/page-%d.png c:/Users/mod/folder/ControlsReport.pdf
2025-12-06 19:30:28,133-0800 INFO  rungs - this process (18968) finishes with exit code 0
2025-12-06 19:42:23,244-0800 INFO  rungs - this process (9228) started by emacs in directory c:\Users\mod\folder with command line: d:\miktex-portable\texmfs\install\miktex\bin\x64\rungs.exe -dSAFER -dNOPAUSE -dTextAlphaBits=4 -dBATCH -dGraphicsAlphaBits=4 -dQUIET -sNODISPLAY c:/Users/mod/folder/ControlsReport.pdf
2025-12-06 19:42:23,246-0800 INFO  rungs - running on Windows 10.0.26200
2025-12-06 19:42:23,278-0800 INFO  rungs.core - start process: d:\miktex-portable\texmfs\install\miktex/bin/x64\mgs.exe -dSAFER -dNOPAUSE -dTextAlphaBits=4 -dBATCH -dGraphicsAlphaBits=4 -dQUIET -sNODISPLAY c:/Users/mod/folder/ControlsReport.pdf
2025-12-06 19:42:23,558-0800 INFO  rungs - this process (9228) finishes with exit code 0
2025-12-06 19:42:23,845-0800 INFO  rungs - this process (24092) started by emacs in directory c:\Users\mod\folder with command line: d:\miktex-portable\texmfs\install\miktex\bin\x64\rungs.exe -dSAFER -dNOPAUSE -dTextAlphaBits=4 -dBATCH -dGraphicsAlphaBits=4 -dQUIET -sDEVICE=png16m -r100 -sOutputFile=d:/Emacs/.emacs.d/tmp/latex/docview1001/ControlsReport.pdf-709df50e01274db40a219ee072da741d/page-%d.png c:/Users/mod/folder/ControlsReport.pdf
2025-12-06 19:42:23,847-0800 INFO  rungs - running on Windows 10.0.26200
2025-12-06 19:42:23,879-0800 INFO  rungs.core - start process: d:\miktex-portable\texmfs\install\miktex/bin/x64\mgs.exe -dSAFER -dNOPAUSE -dTextAlphaBits=4 -dBATCH -dGraphicsAlphaBits=4 -dQUIET -sDEVICE=png16m -r100 -sOutputFile=d:/Emacs/.emacs.d/tmp/latex/docview1001/ControlsReport.pdf-709df50e01274db40a219ee072da741d/page-%d.png c:/Users/mod/folder/ControlsReport.pdf
2025-12-06 19:42:24,283-0800 INFO  rungs - this process (24092) finishes with exit code 0
2025-12-06 19:51:11,008-0800 INFO  rungs - this process (30256) started by emacs in directory c:\Users\mod\folder with command line: d:\miktex-portable\texmfs\install\miktex\bin\x64\rungs.exe -dSAFER -dNOPAUSE -dTextAlphaBits=4 -dBATCH -dGraphicsAlphaBits=4 -dQUIET -sNODISPLAY c:/Users/mod/folder/ControlsReport.pdf
2025-12-06 19:51:11,011-0800 INFO  rungs - running on Windows 10.0.26200
2025-12-06 19:51:11,041-0800 INFO  rungs.core - start process: d:\miktex-portable\texmfs\install\miktex/bin/x64\mgs.exe -dSAFER -dNOPAUSE -dTextAlphaBits=4 -dBATCH -dGraphicsAlphaBits=4 -dQUIET -sNODISPLAY c:/Users/mod/folder/ControlsReport.pdf
2025-12-06 19:51:11,365-0800 INFO  rungs - this process (30256) finishes with exit code 0
2025-12-06 19:51:11,650-0800 INFO  rungs - this process (25464) started by emacs in directory c:\Users\mod\folder with command line: d:\miktex-portable\texmfs\install\miktex\bin\x64\rungs.exe -dSAFER -dNOPAUSE -dTextAlphaBits=4 -dBATCH -dGraphicsAlphaBits=4 -dQUIET -sDEVICE=png16m -r100 -sOutputFile=d:/Emacs/.emacs.d/tmp/latex/docview1001/ControlsReport.pdf-709df50e01274db40a219ee072da741d/page-%d.png c:/Users/mod/folder/ControlsReport.pdf
2025-12-06 19:51:11,653-0800 INFO  rungs - running on Windows 10.0.26200
2025-12-06 19:51:11,684-0800 INFO  rungs.core - start process: d:\miktex-portable\texmfs\install\miktex/bin/x64\mgs.exe -dSAFER -dNOPAUSE -dTextAlphaBits=4 -dBATCH -dGraphicsAlphaBits=4 -dQUIET -sDEVICE=png16m -r100 -sOutputFile=d:/Emacs/.emacs.d/tmp/latex/docview1001/ControlsReport.pdf-709df50e01274db40a219ee072da741d/page-%d.png c:/Users/mod/folder/ControlsReport.pdf
2025-12-06 19:51:12,168-0800 INFO  rungs - this process (25464) finishes with exit code 0
2025-12-06 19:55:54,394-0800 INFO  rungs - this process (21164) started by emacs in directory c:\Users\mod\folder with command line: d:\miktex-portable\texmfs\install\miktex\bin\x64\rungs.exe -dSAFER -dNOPAUSE -dTextAlphaBits=4 -dBATCH -dGraphicsAlphaBits=4 -dQUIET -sNODISPLAY c:/Users/mod/folder/ControlsReport.pdf
2025-12-06 19:55:54,397-0800 INFO  rungs - running on Windows 10.0.26200
2025-12-06 19:55:54,427-0800 INFO  rungs.core - start process: d:\miktex-portable\texmfs\install\miktex/bin/x64\mgs.exe -dSAFER -dNOPAUSE -dTextAlphaBits=4 -dBATCH -dGraphicsAlphaBits=4 -dQUIET -sNODISPLAY c:/Users/mod/folder/ControlsReport.pdf
2025-12-06 19:55:54,732-0800 INFO  rungs - this process (21164) finishes with exit code 0
2025-12-06 19:55:55,014-0800 INFO  rungs - this process (20424) started by emacs in directory c:\Users\mod\folder with command line: d:\miktex-portable\texmfs\install\miktex\bin\x64\rungs.exe -dSAFER -dNOPAUSE -dTextAlphaBits=4 -dBATCH -dGraphicsAlphaBits=4 -dQUIET -sDEVICE=png16m -r100 -sOutputFile=d:/Emacs/.emacs.d/tmp/latex/docview1001/ControlsReport.pdf-709df50e01274db40a219ee072da741d/page-%d.png c:/Users/mod/folder/ControlsReport.pdf
2025-12-06 19:55:55,016-0800 INFO  rungs - running on Windows 10.0.26200
2025-12-06 19:55:55,049-0800 INFO  rungs.core - start process: d:\miktex-portable\texmfs\install\miktex/bin/x64\mgs.exe -dSAFER -dNOPAUSE -dTextAlphaBits=4 -dBATCH -dGraphicsAlphaBits=4 -dQUIET -sDEVICE=png16m -r100 -sOutputFile=d:/Emacs/.emacs.d/tmp/latex/docview1001/ControlsReport.pdf-709df50e01274db40a219ee072da741d/page-%d.png c:/Users/mod/folder/ControlsReport.pdf
2025-12-06 19:55:55,492-0800 INFO  rungs - this process (20424) finishes with exit code 0
2025-12-06 23:56:08,769-0800 INFO  rungs - this process (30128) started by emacs in directory c:\Users\mod\folder with command line: d:\miktex-portable\texmfs\install\miktex\bin\x64\rungs.exe -dSAFER -dNOPAUSE -dTextAlphaBits=4 -dBATCH -dGraphicsAlphaBits=4 -dQUIET -sNODISPLAY c:/Users/mod/folder/ControlsReport.pdf
2025-12-06 23:56:08,773-0800 INFO  rungs - running on Windows 10.0.26200
2025-12-06 23:56:08,807-0800 INFO  rungs.core - start process: d:\miktex-portable\texmfs\install\miktex/bin/x64\mgs.exe -dSAFER -dNOPAUSE -dTextAlphaBits=4 -dBATCH -dGraphicsAlphaBits=4 -dQUIET -sNODISPLAY c:/Users/mod/folder/ControlsReport.pdf
2025-12-06 23:56:09,428-0800 INFO  rungs - this process (30128) finishes with exit code 0
2025-12-06 23:56:09,707-0800 INFO  rungs - this process (30108) started by emacs in directory c:\Users\mod\folder with command line: d:\miktex-portable\texmfs\install\miktex\bin\x64\rungs.exe -dSAFER -dNOPAUSE -dTextAlphaBits=4 -dBATCH -dGraphicsAlphaBits=4 -dQUIET -sDEVICE=png16m -r100 -sOutputFile=d:/Emacs/.emacs.d/tmp/latex/docview1001/ControlsReport.pdf-709df50e01274db40a219ee072da741d/page-%d.png c:/Users/mod/folder/ControlsReport.pdf
2025-12-06 23:56:09,707-0800 INFO  rungs - running on Windows 10.0.26200
2025-12-06 23:56:09,739-0800 INFO  rungs.core - start process: d:\miktex-portable\texmfs\install\miktex/bin/x64\mgs.exe -dSAFER -dNOPAUSE -dTextAlphaBits=4 -dBATCH -dGraphicsAlphaBits=4 -dQUIET -sDEVICE=png16m -r100 -sOutputFile=d:/Emacs/.emacs.d/tmp/latex/docview1001/ControlsReport.pdf-709df50e01274db40a219ee072da741d/page-%d.png c:/Users/mod/folder/ControlsReport.pdf
2025-12-06 23:56:10,227-0800 INFO  rungs - this process (30108) finishes with exit code 0
2025-12-07 00:03:16,447-0800 INFO  rungs - this process (19852) started by emacs in directory c:\Users\mod\folder with command line: d:\miktex-portable\texmfs\install\miktex\bin\x64\rungs.exe -dSAFER -dNOPAUSE -dTextAlphaBits=4 -dBATCH -dGraphicsAlphaBits=4 -dQUIET -sNODISPLAY c:/Users/mod/folder/ControlsReport.pdf
2025-12-07 00:03:16,447-0800 INFO  rungs - running on Windows 10.0.26200
2025-12-07 00:03:16,479-0800 INFO  rungs.core - start process: d:\miktex-portable\texmfs\install\miktex/bin/x64\mgs.exe -dSAFER -dNOPAUSE -dTextAlphaBits=4 -dBATCH -dGraphicsAlphaBits=4 -dQUIET -sNODISPLAY c:/Users/mod/folder/ControlsReport.pdf
2025-12-07 00:03:16,785-0800 INFO  rungs - this process (19852) finishes with exit code 0
2025-12-07 00:03:17,062-0800 INFO  rungs - this process (16648) started by emacs in directory c:\Users\mod\folder with command line: d:\miktex-portable\texmfs\install\miktex\bin\x64\rungs.exe -dSAFER -dNOPAUSE -dTextAlphaBits=4 -dBATCH -dGraphicsAlphaBits=4 -dQUIET -sDEVICE=png16m -r100 -sOutputFile=d:/Emacs/.emacs.d/tmp/latex/docview1001/ControlsReport.pdf-709df50e01274db40a219ee072da741d/page-%d.png c:/Users/mod/folder/ControlsReport.pdf
2025-12-07 00:03:17,062-0800 INFO  rungs - running on Windows 10.0.26200
2025-12-07 00:03:17,094-0800 INFO  rungs.core - start process: d:\miktex-portable\texmfs\install\miktex/bin/x64\mgs.exe -dSAFER -dNOPAUSE -dTextAlphaBits=4 -dBATCH -dGraphicsAlphaBits=4 -dQUIET -sDEVICE=png16m -r100 -sOutputFile=d:/Emacs/.emacs.d/tmp/latex/docview1001/ControlsReport.pdf-709df50e01274db40a219ee072da741d/page-%d.png c:/Users/mod/folder/ControlsReport.pdf
2025-12-07 00:03:17,580-0800 INFO  rungs - this process (16648) finishes with exit code 0
2025-12-07 00:24:11,137-0800 INFO  rungs - this process (19024) started by emacs in directory c:\Users\mod\folder with command line: d:\miktex-portable\texmfs\install\miktex\bin\x64\rungs.exe -dSAFER -dNOPAUSE -dTextAlphaBits=4 -dBATCH -dGraphicsAlphaBits=4 -dQUIET -sNODISPLAY c:/Users/mod/folder/ControlsReport.pdf
2025-12-07 00:24:11,137-0800 INFO  rungs - running on Windows 10.0.26200
2025-12-07 00:24:11,168-0800 INFO  rungs.core - start process: d:\miktex-portable\texmfs\install\miktex/bin/x64\mgs.exe -dSAFER -dNOPAUSE -dTextAlphaBits=4 -dBATCH -dGraphicsAlphaBits=4 -dQUIET -sNODISPLAY c:/Users/mod/folder/ControlsReport.pdf
2025-12-07 00:24:11,480-0800 INFO  rungs - this process (19024) finishes with exit code 0
2025-12-07 00:24:11,755-0800 INFO  rungs - this process (29896) started by emacs in directory c:\Users\mod\folder with command line: d:\miktex-portable\texmfs\install\miktex\bin\x64\rungs.exe -dSAFER -dNOPAUSE -dTextAlphaBits=4 -dBATCH -dGraphicsAlphaBits=4 -dQUIET -sDEVICE=png16m -r100 -sOutputFile=d:/Emacs/.emacs.d/tmp/latex/docview1001/ControlsReport.pdf-709df50e01274db40a219ee072da741d/page-%d.png c:/Users/mod/folder/ControlsReport.pdf
2025-12-07 00:24:11,755-0800 INFO  rungs - running on Windows 10.0.26200
2025-12-07 00:24:11,786-0800 INFO  rungs.core - start process: d:\miktex-portable\texmfs\install\miktex/bin/x64\mgs.exe -dSAFER -dNOPAUSE -dTextAlphaBits=4 -dBATCH -dGraphicsAlphaBits=4 -dQUIET -sDEVICE=png16m -r100 -sOutputFile=d:/Emacs/.emacs.d/tmp/latex/docview1001/ControlsReport.pdf-709df50e01274db40a219ee072da741d/page-%d.png c:/Users/mod/folder/ControlsReport.pdf
2025-12-07 00:24:12,306-0800 INFO  rungs - this process (29896) finishes with exit code 0
2025-12-07 00:25:42,892-0800 INFO  rungs - this process (30440) started by emacs in directory c:\Users\mod\folder with command line: d:\miktex-portable\texmfs\install\miktex\bin\x64\rungs.exe -dSAFER -dNOPAUSE -dTextAlphaBits=4 -dBATCH -dGraphicsAlphaBits=4 -dQUIET -sNODISPLAY c:/Users/mod/folder/ControlsReport.pdf
2025-12-07 00:25:42,892-0800 INFO  rungs - running on Windows 10.0.26200
2025-12-07 00:25:42,925-0800 INFO  rungs.core - start process: d:\miktex-portable\texmfs\install\miktex/bin/x64\mgs.exe -dSAFER -dNOPAUSE -dTextAlphaBits=4 -dBATCH -dGraphicsAlphaBits=4 -dQUIET -sNODISPLAY c:/Users/mod/folder/ControlsReport.pdf
2025-12-07 00:25:43,234-0800 INFO  rungs - this process (30440) finishes with exit code 0
2025-12-07 00:25:43,512-0800 INFO  rungs - this process (10376) started by emacs in directory c:\Users\mod\folder with command line: d:\miktex-portable\texmfs\install\miktex\bin\x64\rungs.exe -dSAFER -dNOPAUSE -dTextAlphaBits=4 -dBATCH -dGraphicsAlphaBits=4 -dQUIET -sDEVICE=png16m -r100 -sOutputFile=d:/Emacs/.emacs.d/tmp/latex/docview1001/ControlsReport.pdf-709df50e01274db40a219ee072da741d/page-%d.png c:/Users/mod/folder/ControlsReport.pdf
2025-12-07 00:25:43,650-0800 INFO  rungs - running on Windows 10.0.26200
2025-12-07 00:25:43,684-0800 INFO  rungs.core - start process: d:\miktex-portable\texmfs\install\miktex/bin/x64\mgs.exe -dSAFER -dNOPAUSE -dTextAlphaBits=4 -dBATCH -dGraphicsAlphaBits=4 -dQUIET -sDEVICE=png16m -r100 -sOutputFile=d:/Emacs/.emacs.d/tmp/latex/docview1001/ControlsReport.pdf-709df50e01274db40a219ee072da741d/page-%d.png c:/Users/mod/folder/ControlsReport.pdf
2025-12-07 00:25:44,185-0800 INFO  rungs - this process (10376) finishes with exit code 0
2025-12-07 00:37:58,731-0800 INFO  rungs - this process (7136) started by emacs in directory c:\Users\mod\folder with command line: d:\miktex-portable\texmfs\install\miktex\bin\x64\rungs.exe -dSAFER -dNOPAUSE -dTextAlphaBits=4 -dBATCH -dGraphicsAlphaBits=4 -dQUIET -sNODISPLAY c:/Users/mod/folder/ControlsReport.pdf
2025-12-07 00:37:58,734-0800 INFO  rungs - running on Windows 10.0.26200
2025-12-07 00:37:58,765-0800 INFO  rungs.core - start process: d:\miktex-portable\texmfs\install\miktex/bin/x64\mgs.exe -dSAFER -dNOPAUSE -dTextAlphaBits=4 -dBATCH -dGraphicsAlphaBits=4 -dQUIET -sNODISPLAY c:/Users/mod/folder/ControlsReport.pdf
2025-12-07 00:37:59,092-0800 INFO  rungs - this process (7136) finishes with exit code 0
2025-12-07 00:37:59,385-0800 INFO  rungs - this process (12444) started by emacs in directory c:\Users\mod\folder with command line: d:\miktex-portable\texmfs\install\miktex\bin\x64\rungs.exe -dSAFER -dNOPAUSE -dTextAlphaBits=4 -dBATCH -dGraphicsAlphaBits=4 -dQUIET -sDEVICE=png16m -r100 -sOutputFile=d:/Emacs/.emacs.d/tmp/latex/docview1001/ControlsReport.pdf-709df50e01274db40a219ee072da741d/page-%d.png c:/Users/mod/folder/ControlsReport.pdf
2025-12-07 00:37:59,388-0800 INFO  rungs - running on Windows 10.0.26200
2025-12-07 00:37:59,420-0800 INFO  rungs.core - start process: d:\miktex-portable\texmfs\install\miktex/bin/x64\mgs.exe -dSAFER -dNOPAUSE -dTextAlphaBits=4 -dBATCH -dGraphicsAlphaBits=4 -dQUIET -sDEVICE=png16m -r100 -sOutputFile=d:/Emacs/.emacs.d/tmp/latex/docview1001/ControlsReport.pdf-709df50e01274db40a219ee072da741d/page-%d.png c:/Users/mod/folder/ControlsReport.pdf
2025-12-07 00:38:00,034-0800 INFO  rungs - this process (12444) finishes with exit code 0
2025-12-14 00:53:06,073-0800 INFO  rungs - this process (18224) started by emacs in directory c:\Users\mod\folder with command line: d:\miktex-portable\texmfs\install\miktex\bin\x64\rungs.exe -dSAFER -dNOPAUSE -dTextAlphaBits=4 -dBATCH -dGraphicsAlphaBits=4 -dQUIET -sNODISPLAY c:/Users/mod/folder/ControlsReport.pdf
2025-12-14 00:53:06,077-0800 INFO  rungs - running on Windows 10.0.26200
2025-12-14 00:53:06,107-0800 INFO  rungs.core - start process: d:\miktex-portable\texmfs\install\miktex/bin/x64\mgs.exe -dSAFER -dNOPAUSE -dTextAlphaBits=4 -dBATCH -dGraphicsAlphaBits=4 -dQUIET -sNODISPLAY c:/Users/mod/folder/ControlsReport.pdf
2025-12-14 00:53:06,769-0800 INFO  rungs - this process (18224) finishes with exit code 0
2025-12-14 00:53:07,032-0800 INFO  rungs - this process (13644) started by emacs in directory c:\Users\mod\folder with command line: d:\miktex-portable\texmfs\install\miktex\bin\x64\rungs.exe -dSAFER -dNOPAUSE -dTextAlphaBits=4 -dBATCH -dGraphicsAlphaBits=4 -dQUIET -sDEVICE=png16m -r100 -sOutputFile=d:/Emacs/.emacs.d/tmp/latex/docview1001/ControlsReport.pdf-7001e6e9f08552874e1543ea4951900a/page-%d.png c:/Users/mod/folder/ControlsReport.pdf
2025-12-14 00:53:07,032-0800 INFO  rungs - running on Windows 10.0.26200
2025-12-14 00:53:07,065-0800 INFO  rungs.core - start process: d:\miktex-portable\texmfs\install\miktex/bin/x64\mgs.exe -dSAFER -dNOPAUSE -dTextAlphaBits=4 -dBATCH -dGraphicsAlphaBits=4 -dQUIET -sDEVICE=png16m -r100 -sOutputFile=d:/Emacs/.emacs.d/tmp/latex/docview1001/ControlsReport.pdf-7001e6e9f08552874e1543ea4951900a/page-%d.png c:/Users/mod/folder/ControlsReport.pdf
2025-12-14 00:53:07,891-0800 INFO  rungs - this process (13644) finishes with exit code 0
2025-12-14 01:14:58,216-0800 INFO  rungs - this process (6156) started by emacs in directory c:\Users\mod\folder with command line: d:\miktex-portable\texmfs\install\miktex\bin\x64\rungs.exe -dSAFER -dNOPAUSE -dTextAlphaBits=4 -dBATCH -dGraphicsAlphaBits=4 -dQUIET -sNODISPLAY c:/Users/mod/folder/ControlsReport.pdf
2025-12-14 01:14:58,216-0800 INFO  rungs - running on Windows 10.0.26200
2025-12-14 01:14:58,247-0800 INFO  rungs.core - start process: d:\miktex-portable\texmfs\install\miktex/bin/x64\mgs.exe -dSAFER -dNOPAUSE -dTextAlphaBits=4 -dBATCH -dGraphicsAlphaBits=4 -dQUIET -sNODISPLAY c:/Users/mod/folder/ControlsReport.pdf
2025-12-14 01:14:58,600-0800 INFO  rungs - this process (6156) finishes with exit code 0
2025-12-14 01:14:58,864-0800 INFO  rungs - this process (7936) started by emacs in directory c:\Users\mod\folder with command line: d:\miktex-portable\texmfs\install\miktex\bin\x64\rungs.exe -dSAFER -dNOPAUSE -dTextAlphaBits=4 -dBATCH -dGraphicsAlphaBits=4 -dQUIET -sDEVICE=png16m -r100 -sOutputFile=d:/Emacs/.emacs.d/tmp/latex/docview1001/ControlsReport.pdf-7001e6e9f08552874e1543ea4951900a/page-%d.png c:/Users/mod/folder/ControlsReport.pdf
2025-12-14 01:14:58,864-0800 INFO  rungs - running on Windows 10.0.26200
2025-12-14 01:14:58,894-0800 INFO  rungs.core - start process: d:\miktex-portable\texmfs\install\miktex/bin/x64\mgs.exe -dSAFER -dNOPAUSE -dTextAlphaBits=4 -dBATCH -dGraphicsAlphaBits=4 -dQUIET -sDEVICE=png16m -r100 -sOutputFile=d:/Emacs/.emacs.d/tmp/latex/docview1001/ControlsReport.pdf-7001e6e9f08552874e1543ea4951900a/page-%d.png c:/Users/mod/folder/ControlsReport.pdf
2025-12-14 01:14:59,720-0800 INFO  rungs - this process (7936) finishes with exit code 0
2025-12-14 01:20:45,926-0800 INFO  rungs - this process (9048) started by emacs in directory c:\Users\mod\folder with command line: d:\miktex-portable\texmfs\install\miktex\bin\x64\rungs.exe -dSAFER -dNOPAUSE -dTextAlphaBits=4 -dBATCH -dGraphicsAlphaBits=4 -dQUIET -sNODISPLAY c:/Users/mod/folder/ControlsReport.pdf
2025-12-14 01:20:45,926-0800 INFO  rungs - running on Windows 10.0.26200
2025-12-14 01:20:45,956-0800 INFO  rungs.core - start process: d:\miktex-portable\texmfs\install\miktex/bin/x64\mgs.exe -dSAFER -dNOPAUSE -dTextAlphaBits=4 -dBATCH -dGraphicsAlphaBits=4 -dQUIET -sNODISPLAY c:/Users/mod/folder/ControlsReport.pdf
2025-12-14 01:20:46,327-0800 INFO  rungs - this process (9048) finishes with exit code 0
2025-12-14 01:20:46,586-0800 INFO  rungs - this process (14080) started by emacs in directory c:\Users\mod\folder with command line: d:\miktex-portable\texmfs\install\miktex\bin\x64\rungs.exe -dSAFER -dNOPAUSE -dTextAlphaBits=4 -dBATCH -dGraphicsAlphaBits=4 -dQUIET -sDEVICE=png16m -r100 -sOutputFile=d:/Emacs/.emacs.d/tmp/latex/docview1001/ControlsReport.pdf-7001e6e9f08552874e1543ea4951900a/page-%d.png c:/Users/mod/folder/ControlsReport.pdf
2025-12-14 01:20:46,586-0800 INFO  rungs - running on Windows 10.0.26200
2025-12-14 01:20:46,616-0800 INFO  rungs.core - start process: d:\miktex-portable\texmfs\install\miktex/bin/x64\mgs.exe -dSAFER -dNOPAUSE -dTextAlphaBits=4 -dBATCH -dGraphicsAlphaBits=4 -dQUIET -sDEVICE=png16m -r100 -sOutputFile=d:/Emacs/.emacs.d/tmp/latex/docview1001/ControlsReport.pdf-7001e6e9f08552874e1543ea4951900a/page-%d.png c:/Users/mod/folder/ControlsReport.pdf
2025-12-14 01:20:47,534-0800 INFO  rungs - this process (14080) finishes with exit code 0
2025-12-14 01:33:36,158-0800 INFO  rungs - this process (5620) started by emacs in directory c:\Users\mod\folder with command line: d:\miktex-portable\texmfs\install\miktex\bin\x64\rungs.exe -dSAFER -dNOPAUSE -dTextAlphaBits=4 -dBATCH -dGraphicsAlphaBits=4 -dQUIET -sNODISPLAY c:/Users/mod/folder/ControlsReport.pdf
2025-12-14 01:33:36,158-0800 INFO  rungs - running on Windows 10.0.26200
2025-12-14 01:33:36,190-0800 INFO  rungs.core - start process: d:\miktex-portable\texmfs\install\miktex/bin/x64\mgs.exe -dSAFER -dNOPAUSE -dTextAlphaBits=4 -dBATCH -dGraphicsAlphaBits=4 -dQUIET -sNODISPLAY c:/Users/mod/folder/ControlsReport.pdf
2025-12-14 01:33:36,580-0800 INFO  rungs - this process (5620) finishes with exit code 0
2025-12-14 01:33:36,839-0800 INFO  rungs - this process (11388) started by emacs in directory c:\Users\mod\folder with command line: d:\miktex-portable\texmfs\install\miktex\bin\x64\rungs.exe -dSAFER -dNOPAUSE -dTextAlphaBits=4 -dBATCH -dGraphicsAlphaBits=4 -dQUIET -sDEVICE=png16m -r100 -sOutputFile=d:/Emacs/.emacs.d/tmp/latex/docview1001/ControlsReport.pdf-7001e6e9f08552874e1543ea4951900a/page-%d.png c:/Users/mod/folder/ControlsReport.pdf
2025-12-14 01:33:36,839-0800 INFO  rungs - running on Windows 10.0.26200
2025-12-14 01:33:36,870-0800 INFO  rungs.core - start process: d:\miktex-portable\texmfs\install\miktex/bin/x64\mgs.exe -dSAFER -dNOPAUSE -dTextAlphaBits=4 -dBATCH -dGraphicsAlphaBits=4 -dQUIET -sDEVICE=png16m -r100 -sOutputFile=d:/Emacs/.emacs.d/tmp/latex/docview1001/ControlsReport.pdf-7001e6e9f08552874e1543ea4951900a/page-%d.png c:/Users/mod/folder/ControlsReport.pdf
2025-12-14 01:33:37,925-0800 INFO  rungs - this process (11388) finishes with exit code 0
2025-12-14 02:00:02,893-0800 INFO  rungs - this process (10556) started by emacs in directory c:\Users\mod\folder with command line: d:\miktex-portable\texmfs\install\miktex\bin\x64\rungs.exe -dSAFER -dNOPAUSE -dTextAlphaBits=4 -dBATCH -dGraphicsAlphaBits=4 -dQUIET -sNODISPLAY c:/Users/mod/folder/ControlsReport.pdf
2025-12-14 02:00:02,893-0800 INFO  rungs - running on Windows 10.0.26200
2025-12-14 02:00:02,925-0800 INFO  rungs.core - start process: d:\miktex-portable\texmfs\install\miktex/bin/x64\mgs.exe -dSAFER -dNOPAUSE -dTextAlphaBits=4 -dBATCH -dGraphicsAlphaBits=4 -dQUIET -sNODISPLAY c:/Users/mod/folder/ControlsReport.pdf
2025-12-14 02:00:03,344-0800 INFO  rungs - this process (10556) finishes with exit code 0
2025-12-14 02:00:03,719-0800 INFO  rungs - this process (17004) started by emacs in directory c:\Users\mod\folder with command line: d:\miktex-portable\texmfs\install\miktex\bin\x64\rungs.exe -dSAFER -dNOPAUSE -dTextAlphaBits=4 -dBATCH -dGraphicsAlphaBits=4 -dQUIET -sDEVICE=png16m -r100 -sOutputFile=d:/Emacs/.emacs.d/tmp/latex/docview1001/ControlsReport.pdf-7001e6e9f08552874e1543ea4951900a/page-%d.png c:/Users/mod/folder/ControlsReport.pdf
2025-12-14 02:00:03,721-0800 INFO  rungs - running on Windows 10.0.26200
2025-12-14 02:00:03,752-0800 INFO  rungs.core - start process: d:\miktex-portable\texmfs\install\miktex/bin/x64\mgs.exe -dSAFER -dNOPAUSE -dTextAlphaBits=4 -dBATCH -dGraphicsAlphaBits=4 -dQUIET -sDEVICE=png16m -r100 -sOutputFile=d:/Emacs/.emacs.d/tmp/latex/docview1001/ControlsReport.pdf-7001e6e9f08552874e1543ea4951900a/page-%d.png c:/Users/mod/folder/ControlsReport.pdf
2025-12-14 02:00:04,841-0800 INFO  rungs - this process (17004) finishes with exit code 0
2025-12-14 02:22:26,426-0800 INFO  rungs - this process (23260) started by emacs in directory c:\Users\mod\folder with command line: d:\miktex-portable\texmfs\install\miktex\bin\x64\rungs.exe -dSAFER -dNOPAUSE -dTextAlphaBits=4 -dBATCH -dGraphicsAlphaBits=4 -dQUIET -sNODISPLAY c:/Users/mod/folder/ControlsReport.pdf
2025-12-14 02:22:26,426-0800 INFO  rungs - running on Windows 10.0.26200
2025-12-14 02:22:26,457-0800 INFO  rungs.core - start process: d:\miktex-portable\texmfs\install\miktex/bin/x64\mgs.exe -dSAFER -dNOPAUSE -dTextAlphaBits=4 -dBATCH -dGraphicsAlphaBits=4 -dQUIET -sNODISPLAY c:/Users/mod/folder/ControlsReport.pdf
2025-12-14 02:22:26,882-0800 INFO  rungs - this process (23260) finishes with exit code 0
2025-12-14 02:22:27,143-0800 INFO  rungs - this process (8696) started by emacs in directory c:\Users\mod\folder with command line: d:\miktex-portable\texmfs\install\miktex\bin\x64\rungs.exe -dSAFER -dNOPAUSE -dTextAlphaBits=4 -dBATCH -dGraphicsAlphaBits=4 -dQUIET -sDEVICE=png16m -r100 -sOutputFile=d:/Emacs/.emacs.d/tmp/latex/docview1001/ControlsReport.pdf-7001e6e9f08552874e1543ea4951900a/page-%d.png c:/Users/mod/folder/ControlsReport.pdf
2025-12-14 02:22:27,143-0800 INFO  rungs - running on Windows 10.0.26200
2025-12-14 02:22:27,174-0800 INFO  rungs.core - start process: d:\miktex-portable\texmfs\install\miktex/bin/x64\mgs.exe -dSAFER -dNOPAUSE -dTextAlphaBits=4 -dBATCH -dGraphicsAlphaBits=4 -dQUIET -sDEVICE=png16m -r100 -sOutputFile=d:/Emacs/.emacs.d/tmp/latex/docview1001/ControlsReport.pdf-7001e6e9f08552874e1543ea4951900a/page-%d.png c:/Users/mod/folder/ControlsReport.pdf
2025-12-14 02:22:28,380-0800 INFO  rungs - this process (8696) finishes with exit code 0
2025-12-14 02:33:32,207-0800 INFO  rungs - this process (21052) started by emacs in directory c:\Users\mod\folder with command line: d:\miktex-portable\texmfs\install\miktex\bin\x64\rungs.exe -dSAFER -dNOPAUSE -dTextAlphaBits=4 -dBATCH -dGraphicsAlphaBits=4 -dQUIET -sNODISPLAY c:/Users/mod/folder/ControlsReport.pdf
2025-12-14 02:33:32,207-0800 INFO  rungs - running on Windows 10.0.26200
2025-12-14 02:33:32,238-0800 INFO  rungs.core - start process: d:\miktex-portable\texmfs\install\miktex/bin/x64\mgs.exe -dSAFER -dNOPAUSE -dTextAlphaBits=4 -dBATCH -dGraphicsAlphaBits=4 -dQUIET -sNODISPLAY c:/Users/mod/folder/ControlsReport.pdf
2025-12-14 02:33:32,659-0800 INFO  rungs - this process (21052) finishes with exit code 0
2025-12-14 02:33:32,916-0800 INFO  rungs - this process (2960) started by emacs in directory c:\Users\mod\folder with command line: d:\miktex-portable\texmfs\install\miktex\bin\x64\rungs.exe -dSAFER -dNOPAUSE -dTextAlphaBits=4 -dBATCH -dGraphicsAlphaBits=4 -dQUIET -sDEVICE=png16m -r100 -sOutputFile=d:/Emacs/.emacs.d/tmp/latex/docview1001/ControlsReport.pdf-7001e6e9f08552874e1543ea4951900a/page-%d.png c:/Users/mod/folder/ControlsReport.pdf
2025-12-14 02:33:32,917-0800 INFO  rungs - running on Windows 10.0.26200
2025-12-14 02:33:32,946-0800 INFO  rungs.core - start process: d:\miktex-portable\texmfs\install\miktex/bin/x64\mgs.exe -dSAFER -dNOPAUSE -dTextAlphaBits=4 -dBATCH -dGraphicsAlphaBits=4 -dQUIET -sDEVICE=png16m -r100 -sOutputFile=d:/Emacs/.emacs.d/tmp/latex/docview1001/ControlsReport.pdf-7001e6e9f08552874e1543ea4951900a/page-%d.png c:/Users/mod/folder/ControlsReport.pdf
2025-12-14 02:33:34,178-0800 INFO  rungs - this process (2960) finishes with exit code 0
2025-12-14 03:00:19,016-0800 INFO  rungs - this process (23492) started by emacs in directory c:\Users\mod\folder with command line: d:\miktex-portable\texmfs\install\miktex\bin\x64\rungs.exe -dSAFER -dNOPAUSE -dTextAlphaBits=4 -dBATCH -dGraphicsAlphaBits=4 -dQUIET -sNODISPLAY c:/Users/mod/folder/ControlsReport.pdf
2025-12-14 03:00:19,017-0800 INFO  rungs - running on Windows 10.0.26200
2025-12-14 03:00:19,047-0800 INFO  rungs.core - start process: d:\miktex-portable\texmfs\install\miktex/bin/x64\mgs.exe -dSAFER -dNOPAUSE -dTextAlphaBits=4 -dBATCH -dGraphicsAlphaBits=4 -dQUIET -sNODISPLAY c:/Users/mod/folder/ControlsReport.pdf
2025-12-14 03:00:19,504-0800 INFO  rungs - this process (23492) finishes with exit code 0
2025-12-14 03:00:19,766-0800 INFO  rungs - this process (2552) started by emacs in directory c:\Users\mod\folder with command line: d:\miktex-portable\texmfs\install\miktex\bin\x64\rungs.exe -dSAFER -dNOPAUSE -dTextAlphaBits=4 -dBATCH -dGraphicsAlphaBits=4 -dQUIET -sDEVICE=png16m -r100 -sOutputFile=d:/Emacs/.emacs.d/tmp/latex/docview1001/ControlsReport.pdf-7001e6e9f08552874e1543ea4951900a/page-%d.png c:/Users/mod/folder/ControlsReport.pdf
2025-12-14 03:00:19,766-0800 INFO  rungs - running on Windows 10.0.26200
2025-12-14 03:00:19,796-0800 INFO  rungs.core - start process: d:\miktex-portable\texmfs\install\miktex/bin/x64\mgs.exe -dSAFER -dNOPAUSE -dTextAlphaBits=4 -dBATCH -dGraphicsAlphaBits=4 -dQUIET -sDEVICE=png16m -r100 -sOutputFile=d:/Emacs/.emacs.d/tmp/latex/docview1001/ControlsReport.pdf-7001e6e9f08552874e1543ea4951900a/page-%d.png c:/Users/mod/folder/ControlsReport.pdf
2025-12-14 03:00:21,107-0800 INFO  rungs - this process (2552) finishes with exit code 0
2025-12-14 03:09:34,531-0800 INFO  rungs - this process (2272) started by emacs in directory c:\Users\mod\folder with command line: d:\miktex-portable\texmfs\install\miktex\bin\x64\rungs.exe -dSAFER -dNOPAUSE -dTextAlphaBits=4 -dBATCH -dGraphicsAlphaBits=4 -dQUIET -sNODISPLAY c:/Users/mod/folder/ControlsReport.pdf
2025-12-14 03:09:34,531-0800 INFO  rungs - running on Windows 10.0.26200
2025-12-14 03:09:34,562-0800 INFO  rungs.core - start process: d:\miktex-portable\texmfs\install\miktex/bin/x64\mgs.exe -dSAFER -dNOPAUSE -dTextAlphaBits=4 -dBATCH -dGraphicsAlphaBits=4 -dQUIET -sNODISPLAY c:/Users/mod/folder/ControlsReport.pdf
2025-12-14 03:09:35,020-0800 INFO  rungs - this process (2272) finishes with exit code 0
2025-12-14 03:09:35,277-0800 INFO  rungs - this process (9532) started by emacs in directory c:\Users\mod\folder with command line: d:\miktex-portable\texmfs\install\miktex\bin\x64\rungs.exe -dSAFER -dNOPAUSE -dTextAlphaBits=4 -dBATCH -dGraphicsAlphaBits=4 -dQUIET -sDEVICE=png16m -r100 -sOutputFile=d:/Emacs/.emacs.d/tmp/latex/docview1001/ControlsReport.pdf-7001e6e9f08552874e1543ea4951900a/page-%d.png c:/Users/mod/folder/ControlsReport.pdf
2025-12-14 03:09:35,277-0800 INFO  rungs - running on Windows 10.0.26200
2025-12-14 03:09:35,306-0800 INFO  rungs.core - start process: d:\miktex-portable\texmfs\install\miktex/bin/x64\mgs.exe -dSAFER -dNOPAUSE -dTextAlphaBits=4 -dBATCH -dGraphicsAlphaBits=4 -dQUIET -sDEVICE=png16m -r100 -sOutputFile=d:/Emacs/.emacs.d/tmp/latex/docview1001/ControlsReport.pdf-7001e6e9f08552874e1543ea4951900a/page-%d.png c:/Users/mod/folder/ControlsReport.pdf
2025-12-14 03:09:39,077-0800 INFO  rungs - this process (9532) finishes with exit code 0
